Archive member included to satisfy reference by file (symbol)

/home/cipo/.eclipse/com.st.stm32cube.ide.mcu.rcp.product_1.13.1_139062292_linux_gtk_x86_64/plugins/com.st.stm32cube.ide.mcu.externaltools.gnu-tools-for-stm32.11.3.rel1.linux64_1.1.1.202309131626/tools/bin/../lib/gcc/arm-none-eabi/11.3.1/../../../../arm-none-eabi/lib/thumb/v7e-m+fp/hard/libc_nano.a(libc_a-exit.o)
                              /home/cipo/.eclipse/com.st.stm32cube.ide.mcu.rcp.product_1.13.1_139062292_linux_gtk_x86_64/plugins/com.st.stm32cube.ide.mcu.externaltools.gnu-tools-for-stm32.11.3.rel1.linux64_1.1.1.202309131626/tools/bin/../lib/gcc/arm-none-eabi/11.3.1/../../../../arm-none-eabi/lib/thumb/v7e-m+fp/hard/crt0.o (exit)
/home/cipo/.eclipse/com.st.stm32cube.ide.mcu.rcp.product_1.13.1_139062292_linux_gtk_x86_64/plugins/com.st.stm32cube.ide.mcu.externaltools.gnu-tools-for-stm32.11.3.rel1.linux64_1.1.1.202309131626/tools/bin/../lib/gcc/arm-none-eabi/11.3.1/../../../../arm-none-eabi/lib/thumb/v7e-m+fp/hard/libc_nano.a(libc_a-findfp.o)
                              /home/cipo/.eclipse/com.st.stm32cube.ide.mcu.rcp.product_1.13.1_139062292_linux_gtk_x86_64/plugins/com.st.stm32cube.ide.mcu.externaltools.gnu-tools-for-stm32.11.3.rel1.linux64_1.1.1.202309131626/tools/bin/../lib/gcc/arm-none-eabi/11.3.1/../../../../arm-none-eabi/lib/thumb/v7e-m+fp/hard/libc_nano.a(libc_a-exit.o) (__stdio_exit_handler)
/home/cipo/.eclipse/com.st.stm32cube.ide.mcu.rcp.product_1.13.1_139062292_linux_gtk_x86_64/plugins/com.st.stm32cube.ide.mcu.externaltools.gnu-tools-for-stm32.11.3.rel1.linux64_1.1.1.202309131626/tools/bin/../lib/gcc/arm-none-eabi/11.3.1/../../../../arm-none-eabi/lib/thumb/v7e-m+fp/hard/libc_nano.a(libc_a-fwalk.o)
                              /home/cipo/.eclipse/com.st.stm32cube.ide.mcu.rcp.product_1.13.1_139062292_linux_gtk_x86_64/plugins/com.st.stm32cube.ide.mcu.externaltools.gnu-tools-for-stm32.11.3.rel1.linux64_1.1.1.202309131626/tools/bin/../lib/gcc/arm-none-eabi/11.3.1/../../../../arm-none-eabi/lib/thumb/v7e-m+fp/hard/libc_nano.a(libc_a-findfp.o) (_fwalk_sglue)
/home/cipo/.eclipse/com.st.stm32cube.ide.mcu.rcp.product_1.13.1_139062292_linux_gtk_x86_64/plugins/com.st.stm32cube.ide.mcu.externaltools.gnu-tools-for-stm32.11.3.rel1.linux64_1.1.1.202309131626/tools/bin/../lib/gcc/arm-none-eabi/11.3.1/../../../../arm-none-eabi/lib/thumb/v7e-m+fp/hard/libc_nano.a(libc_a-stdio.o)
                              /home/cipo/.eclipse/com.st.stm32cube.ide.mcu.rcp.product_1.13.1_139062292_linux_gtk_x86_64/plugins/com.st.stm32cube.ide.mcu.externaltools.gnu-tools-for-stm32.11.3.rel1.linux64_1.1.1.202309131626/tools/bin/../lib/gcc/arm-none-eabi/11.3.1/../../../../arm-none-eabi/lib/thumb/v7e-m+fp/hard/libc_nano.a(libc_a-findfp.o) (__sread)
/home/cipo/.eclipse/com.st.stm32cube.ide.mcu.rcp.product_1.13.1_139062292_linux_gtk_x86_64/plugins/com.st.stm32cube.ide.mcu.externaltools.gnu-tools-for-stm32.11.3.rel1.linux64_1.1.1.202309131626/tools/bin/../lib/gcc/arm-none-eabi/11.3.1/../../../../arm-none-eabi/lib/thumb/v7e-m+fp/hard/libc_nano.a(libc_a-memset.o)
                              /home/cipo/.eclipse/com.st.stm32cube.ide.mcu.rcp.product_1.13.1_139062292_linux_gtk_x86_64/plugins/com.st.stm32cube.ide.mcu.externaltools.gnu-tools-for-stm32.11.3.rel1.linux64_1.1.1.202309131626/tools/bin/../lib/gcc/arm-none-eabi/11.3.1/../../../../arm-none-eabi/lib/thumb/v7e-m+fp/hard/crt0.o (memset)
/home/cipo/.eclipse/com.st.stm32cube.ide.mcu.rcp.product_1.13.1_139062292_linux_gtk_x86_64/plugins/com.st.stm32cube.ide.mcu.externaltools.gnu-tools-for-stm32.11.3.rel1.linux64_1.1.1.202309131626/tools/bin/../lib/gcc/arm-none-eabi/11.3.1/../../../../arm-none-eabi/lib/thumb/v7e-m+fp/hard/libc_nano.a(libc_a-closer.o)
                              /home/cipo/.eclipse/com.st.stm32cube.ide.mcu.rcp.product_1.13.1_139062292_linux_gtk_x86_64/plugins/com.st.stm32cube.ide.mcu.externaltools.gnu-tools-for-stm32.11.3.rel1.linux64_1.1.1.202309131626/tools/bin/../lib/gcc/arm-none-eabi/11.3.1/../../../../arm-none-eabi/lib/thumb/v7e-m+fp/hard/libc_nano.a(libc_a-stdio.o) (_close_r)
/home/cipo/.eclipse/com.st.stm32cube.ide.mcu.rcp.product_1.13.1_139062292_linux_gtk_x86_64/plugins/com.st.stm32cube.ide.mcu.externaltools.gnu-tools-for-stm32.11.3.rel1.linux64_1.1.1.202309131626/tools/bin/../lib/gcc/arm-none-eabi/11.3.1/../../../../arm-none-eabi/lib/thumb/v7e-m+fp/hard/libc_nano.a(libc_a-reent.o)
                              /home/cipo/.eclipse/com.st.stm32cube.ide.mcu.rcp.product_1.13.1_139062292_linux_gtk_x86_64/plugins/com.st.stm32cube.ide.mcu.externaltools.gnu-tools-for-stm32.11.3.rel1.linux64_1.1.1.202309131626/tools/bin/../lib/gcc/arm-none-eabi/11.3.1/../../../../arm-none-eabi/lib/thumb/v7e-m+fp/hard/libc_nano.a(libc_a-closer.o) (errno)
[...]
Memory Configuration

Name             Origin             Length             Attributes
CCMRAM           0x0000000010000000 0x0000000000010000 xrw
RAM              0x0000000020000000 0x0000000000020000 xrw
FLASH            0x0000000008000000 0x0000000000100000 xr
*default*        0x0000000000000000 0xffffffffffffffff

Linker script and memory map

LOAD /home/cipo/.eclipse/com.st.stm32cube.ide.mcu.rcp.product_1.13.1_139062292_linux_gtk_x86_64/plugins/com.st.stm32cube.ide.mcu.externaltools.gnu-tools-for-stm32.11.3.rel1.linux64_1.1.1.202309131626/tools/bin/../lib/gcc/arm-none-eabi/11.3.1/thumb/v7e-m+fp/hard/crti.o
LOAD /home/cipo/.eclipse/com.st.stm32cube.ide.mcu.rcp.product_1.13.1_139062292_linux_gtk_x86_64/plugins/com.st.stm32cube.ide.mcu.externaltools.gnu-tools-for-stm32.11.3.rel1.linux64_1.1.1.202309131626/tools/bin/../lib/gcc/arm-none-eabi/11.3.1/thumb/v7e-m+fp/hard/crtbegin.o
LOAD /home/cipo/.eclipse/com.st.stm32cube.ide.mcu.rcp.product_1.13.1_139062292_linux_gtk_x86_64/plugins/com.st.stm32cube.ide.mcu.externaltools.gnu-tools-for-stm32.11.3.rel1.linux64_1.1.1.202309131626/tools/bin/../lib/gcc/arm-none-eabi/11.3.1/../../../../arm-none-eabi/lib/thumb/v7e-m+fp/hard/crt0.o
LOAD ./Core/Src/main.o
LOAD ./Core/Src/stm32f4xx_hal_msp.o
LOAD ./Core/Src/stm32f4xx_it.o
LOAD ./Core/Src/syscalls.o
LOAD ./Core/Src/sysmem.o
LOAD ./Core/Src/system_stm32f4xx.o
LOAD ./Core/Startup/startup_stm32f407vgtx.o
LOAD ./Drivers/STM32F4xx_HAL_Driver/Src/stm32f4xx_hal.o
LOAD ./Drivers/STM32F4xx_HAL_Driver/Src/stm32f4xx_hal_cortex.o
LOAD ./Drivers/STM32F4xx_HAL_Driver/Src/stm32f4xx_hal_dma.o
LOAD ./Drivers/STM32F4xx_HAL_Driver/Src/stm32f4xx_hal_dma_ex.o
LOAD ./Drivers/STM32F4xx_HAL_Driver/Src/stm32f4xx_hal_exti.o
LOAD ./Drivers/STM32F4xx_HAL_Driver/Src/stm32f4xx_hal_flash.o
LOAD ./Drivers/STM32F4xx_HAL_Driver/Src/stm32f4xx_hal_flash_ex.o
LOAD ./Drivers/STM32F4xx_HAL_Driver/Src/stm32f4xx_hal_flash_ramfunc.o
LOAD ./Drivers/STM32F4xx_HAL_Driver/Src/stm32f4xx_hal_gpio.o
LOAD ./Drivers/STM32F4xx_HAL_Driver/Src/stm32f4xx_hal_pcd.o
LOAD ./Drivers/STM32F4xx_HAL_Driver/Src/stm32f4xx_hal_pcd_ex.o
LOAD ./Drivers/STM32F4xx_HAL_Driver/Src/stm32f4xx_hal_pwr.o
LOAD ./Drivers/STM32F4xx_HAL_Driver/Src/stm32f4xx_hal_pwr_ex.o
LOAD ./Drivers/STM32F4xx_HAL_Driver/Src/stm32f4xx_hal_rcc.o
LOAD ./Drivers/STM32F4xx_HAL_Driver/Src/stm32f4xx_hal_rcc_ex.o
LOAD ./Drivers/STM32F4xx_HAL_Driver/Src/stm32f4xx_hal_tim.o
LOAD ./Drivers/STM32F4xx_HAL_Driver/Src/stm32f4xx_hal_tim_ex.o
LOAD ./Drivers/STM32F4xx_HAL_Driver/Src/stm32f4xx_ll_usb.o
LOAD ./Middlewares/ST/STM32_USB_Device_Library/Class/HID/Src/usbd_hid.o
LOAD ./Middlewares/ST/STM32_USB_Device_Library/Core/Src/usbd_core.o
LOAD ./Middlewares/ST/STM32_USB_Device_Library/Core/Src/usbd_ctlreq.o
LOAD ./Middlewares/ST/STM32_USB_Device_Library/Core/Src/usbd_ioreq.o
LOAD ./USB_DEVICE/App/usb_device.o
LOAD ./USB_DEVICE/App/usbd_desc.o
LOAD ./USB_DEVICE/Target/usbd_conf.o
START GROUP
LOAD /home/cipo/.eclipse/com.st.stm32cube.ide.mcu.rcp.product_1.13.1_139062292_linux_gtk_x86_64/plugins/com.st.stm32cube.ide.mcu.externaltools.gnu-tools-for-stm32.11.3.rel1.linux64_1.1.1.202309131626/tools/bin/../lib/gcc/arm-none-eabi/11.3.1/../../../../arm-none-eabi/lib/thumb/v7e-m+fp/hard/libc_nano.a
LOAD /home/cipo/.eclipse/com.st.stm32cube.ide.mcu.rcp.product_1.13.1_139062292_linux_gtk_x86_64/plugins/com.st.stm32cube.ide.mcu.externaltools.gnu-tools-for-stm32.11.3.rel1.linux64_1.1.1.202309131626/tools/bin/../lib/gcc/arm-none-eabi/11.3.1/../../../../arm-none-eabi/lib/thumb/v7e-m+fp/hard/libm.a
END GROUP
START GROUP
LOAD /home/cipo/.eclipse/com.st.stm32cube.ide.mcu.rcp.product_1.13.1_139062292_linux_gtk_x86_64/plugins/com.st.stm32cube.ide.mcu.externaltools.gnu-tools-for-stm32.11.3.rel1.linux64_1.1.1.202309131626/tools/bin/../lib/gcc/arm-none-eabi/11.3.1/thumb/v7e-m+fp/hard/libgcc.a
LOAD /home/cipo/.eclipse/com.st.stm32cube.ide.mcu.rcp.product_1.13.1_139062292_linux_gtk_x86_64/plugins/com.st.stm32cube.ide.mcu.externaltools.gnu-tools-for-stm32.11.3.rel1.linux64_1.1.1.202309131626/tools/bin/../lib/gcc/arm-none-eabi/11.3.1/../../../../arm-none-eabi/lib/thumb/v7e-m+fp/hard/libc_nano.a
END GROUP
START GROUP
LOAD /home/cipo/.eclipse/com.st.stm32cube.ide.mcu.rcp.product_1.13.1_139062292_linux_gtk_x86_64/plugins/com.st.stm32cube.ide.mcu.externaltools.gnu-tools-for-stm32.11.3.rel1.linux64_1.1.1.202309131626/tools/bin/../lib/gcc/arm-none-eabi/11.3.1/thumb/v7e-m+fp/hard/libgcc.a
LOAD /home/cipo/.eclipse/com.st.stm32cube.ide.mcu.rcp.product_1.13.1_139062292_linux_gtk_x86_64/plugins/com.st.stm32cube.ide.mcu.externaltools.gnu-tools-for-stm32.11.3.rel1.linux64_1.1.1.202309131626/tools/bin/../lib/gcc/arm-none-eabi/11.3.1/../../../../arm-none-eabi/lib/thumb/v7e-m+fp/hard/libc_nano.a
LOAD /home/cipo/.eclipse/com.st.stm32cube.ide.mcu.rcp.product_1.13.1_139062292_linux_gtk_x86_64/plugins/com.st.stm32cube.ide.mcu.externaltools.gnu-tools-for-stm32.11.3.rel1.linux64_1.1.1.202309131626/tools/bin/../lib/gcc/arm-none-eabi/11.3.1/../../../../arm-none-eabi/lib/thumb/v7e-m+fp/hard/libnosys.a
END GROUP
START GROUP
LOAD /home/cipo/.eclipse/com.st.stm32cube.ide.mcu.rcp.product_1.13.1_139062292_linux_gtk_x86_64/plugins/com.st.stm32cube.ide.mcu.externaltools.gnu-tools-for-stm32.11.3.rel1.linux64_1.1.1.202309131626/tools/bin/../lib/gcc/arm-none-eabi/11.3.1/thumb/v7e-m+fp/hard/libgcc.a
LOAD /home/cipo/.eclipse/com.st.stm32cube.ide.mcu.rcp.product_1.13.1_139062292_linux_gtk_x86_64/plugins/com.st.stm32cube.ide.mcu.externaltools.gnu-tools-for-stm32.11.3.rel1.linux64_1.1.1.202309131626/tools/bin/../lib/gcc/arm-none-eabi/11.3.1/../../../../arm-none-eabi/lib/thumb/v7e-m+fp/hard/libc_nano.a
LOAD /home/cipo/.eclipse/com.st.stm32cube.ide.mcu.rcp.product_1.13.1_139062292_linux_gtk_x86_64/plugins/com.st.stm32cube.ide.mcu.externaltools.gnu-tools-for-stm32.11.3.rel1.linux64_1.1.1.202309131626/tools/bin/../lib/gcc/arm-none-eabi/11.3.1/../../../../arm-none-eabi/lib/thumb/v7e-m+fp/hard/libnosys.a
END GROUP
LOAD /home/cipo/.eclipse/com.st.stm32cube.ide.mcu.rcp.product_1.13.1_139062292_linux_gtk_x86_64/plugins/com.st.stm32cube.ide.mcu.externaltools.gnu-tools-for-stm32.11.3.rel1.linux64_1.1.1.202309131626/tools/bin/../lib/gcc/arm-none-eabi/11.3.1/thumb/v7e-m+fp/hard/crtend.o
LOAD /home/cipo/.eclipse/com.st.stm32cube.ide.mcu.rcp.product_1.13.1_139062292_linux_gtk_x86_64/plugins/com.st.stm32cube.ide.mcu.externaltools.gnu-tools-for-stm32.11.3.rel1.linux64_1.1.1.202309131626/tools/bin/../lib/gcc/arm-none-eabi/11.3.1/thumb/v7e-m+fp/hard/crtn.o
                0x0000000020020000                _estack = (ORIGIN (RAM) + LENGTH (RAM))
                0x0000000000000200                _Min_Heap_Size = 0x200
                0x0000000000000400                _Min_Stack_Size = 0x400

.isr_vector     0x0000000008000000      0x188
                0x0000000008000000                . = ALIGN (0x4)
 *(.isr_vector)
 .isr_vector    0x0000000008000000      0x188 ./Core/Startup/startup_stm32f407vgtx.o
                0x0000000008000000                g_pfnVectors
                0x0000000008000188                . = ALIGN (0x4)

.text           0x0000000008000188     0x6770
                0x0000000008000188                . = ALIGN (0x4)
 *(.text)
 .text          0x0000000008000188       0x40 /home/cipo/.eclipse/com.st.stm32cube.ide.mcu.rcp.product_1.13.1_139062292_linux_gtk_x86_64/plugins/com.st.stm32cube.ide.mcu.externaltools.gnu-tools-for-stm32.11.3.rel1.linux64_1.1.1.202309131626/tools/bin/../lib/gcc/arm-none-eabi/11.3.1/thumb/v7e-m+fp/hard/crtbegin.o
 .text          0x00000000080001c8       0x30 /home/cipo/.eclipse/com.st.stm32cube.ide.mcu.rcp.product_1.13.1_139062292_linux_gtk_x86_64/plugins/com.st.stm32cube.ide.mcu.externaltools.gnu-tools-for-stm32.11.3.rel1.linux64_1.1.1.202309131626/tools/bin/../lib/gcc/arm-none-eabi/11.3.1/thumb/v7e-m+fp/hard/libgcc.a(_aeabi_uldivmod.o)
                0x00000000080001c8                __aeabi_uldivmod
 .text          0x00000000080001f8      0x2c8 /home/cipo/.eclipse/com.st.stm32cube.ide.mcu.rcp.product_1.13.1_139062292_linux_gtk_x86_64/plugins/com.st.stm32cube.ide.mcu.externaltools.gnu-tools-for-stm32.11.3.rel1.linux64_1.1.1.202309131626/tools/bin/../lib/gcc/arm-none-eabi/11.3.1/thumb/v7e-m+fp/hard/libgcc.a(_udivmoddi4.o)
                0x00000000080001f8                __udivmoddi4
 .text          0x00000000080004c0        0x4 /home/cipo/.eclipse/com.st.stm32cube.ide.mcu.rcp.product_1.13.1_139062292_linux_gtk_x86_64/plugins/com.st.stm32cube.ide.mcu.externaltools.gnu-tools-for-stm32.11.3.rel1.linux64_1.1.1.202309131626/tools/bin/../lib/gcc/arm-none-eabi/11.3.1/thumb/v7e-m+fp/hard/libgcc.a(_dvmd_tls.o)
                0x00000000080004c0                __aeabi_ldiv0
                0x00000000080004c0                __aeabi_idiv0
 *(.text*)
 .text.main     0x00000000080004c4      0x108 ./Core/Src/main.o
                0x00000000080004c4                main
 .text.SystemClock_Config
                0x00000000080005cc       0xd8 ./Core/Src/main.o
                0x00000000080005cc                SystemClock_Config
 .text.MX_GPIO_Init
                0x00000000080006a4       0xa4 ./Core/Src/main.o
 .text.Error_Handler
                0x0000000008000748        0xa ./Core/Src/main.o
                0x0000000008000748                Error_Handler
 *fill*         0x0000000008000752        0x2 
 .text.HAL_MspInit
                0x0000000008000754       0x50 ./Core/Src/stm32f4xx_hal_msp.o
                0x0000000008000754                HAL_MspInit
 .text.NMI_Handler
                0x00000000080007a4        0x6 ./Core/Src/stm32f4xx_it.o
                0x00000000080007a4                NMI_Handler
 .text.HardFault_Handler
                0x00000000080007aa        0x6 ./Core/Src/stm32f4xx_it.o
                0x00000000080007aa                HardFault_Handler
 .text.MemManage_Handler
                0x00000000080007b0        0x6 ./Core/Src/stm32f4xx_it.o
                0x00000000080007b0                MemManage_Handler
 .text.BusFault_Handler
                0x00000000080007b6        0x6 ./Core/Src/stm32f4xx_it.o
                0x00000000080007b6                BusFault_Handler
 .text.UsageFault_Handler
                0x00000000080007bc        0x6 ./Core/Src/stm32f4xx_it.o
                0x00000000080007bc                UsageFault_Handler
 .text.SVC_Handler
                0x00000000080007c2        0xe ./Core/Src/stm32f4xx_it.o
                0x00000000080007c2                SVC_Handler
 .text.DebugMon_Handler
                0x00000000080007d0        0xe ./Core/Src/stm32f4xx_it.o
                0x00000000080007d0                DebugMon_Handler
 .text.PendSV_Handler
                0x00000000080007de        0xe ./Core/Src/stm32f4xx_it.o
                0x00000000080007de                PendSV_Handler
 .text.SysTick_Handler
                0x00000000080007ec        0xc ./Core/Src/stm32f4xx_it.o
                0x00000000080007ec                SysTick_Handler
 .text.OTG_FS_IRQHandler
                0x00000000080007f8       0x14 ./Core/Src/stm32f4xx_it.o
                0x00000000080007f8                OTG_FS_IRQHandler
 .text.SystemInit
                0x000000000800080c       0x24 ./Core/Src/system_stm32f4xx.o
                0x000000000800080c                SystemInit
 .text.Reset_Handler
                0x0000000008000830       0x50 ./Core/Startup/startup_stm32f407vgtx.o
                0x0000000008000830                Reset_Handler
 .text.Default_Handler
                0x0000000008000880        0x2 ./Core/Startup/startup_stm32f407vgtx.o
                0x0000000008000880                RTC_Alarm_IRQHandler
                0x0000000008000880                HASH_RNG_IRQHandler
                0x0000000008000880                EXTI2_IRQHandler
                0x0000000008000880                TIM8_CC_IRQHandler
                0x0000000008000880                TIM1_CC_IRQHandler
                0x0000000008000880                DMA2_Stream5_IRQHandler
                0x0000000008000880                DMA1_Stream5_IRQHandler
                0x0000000008000880                PVD_IRQHandler
                0x0000000008000880                SDIO_IRQHandler
                0x0000000008000880                TAMP_STAMP_IRQHandler
                0x0000000008000880                CAN2_RX1_IRQHandler
                0x0000000008000880                EXTI3_IRQHandler
                0x0000000008000880                TIM8_TRG_COM_TIM14_IRQHandler
                0x0000000008000880                TIM1_UP_TIM10_IRQHandler
                0x0000000008000880                TIM8_UP_TIM13_IRQHandler
                0x0000000008000880                I2C3_ER_IRQHandler
                0x0000000008000880                EXTI0_IRQHandler
                0x0000000008000880                I2C2_EV_IRQHandler
                0x0000000008000880                DMA1_Stream2_IRQHandler
                0x0000000008000880                CAN1_RX0_IRQHandler
                0x0000000008000880                FPU_IRQHandler
                0x0000000008000880                OTG_HS_WKUP_IRQHandler
                0x0000000008000880                CAN2_SCE_IRQHandler
                0x0000000008000880                DMA2_Stream2_IRQHandler
                0x0000000008000880                SPI1_IRQHandler
                0x0000000008000880                TIM6_DAC_IRQHandler
                0x0000000008000880                TIM1_BRK_TIM9_IRQHandler
                0x0000000008000880                DCMI_IRQHandler
                0x0000000008000880                CAN2_RX0_IRQHandler
                0x0000000008000880                DMA2_Stream3_IRQHandler
                0x0000000008000880                USART6_IRQHandler
                0x0000000008000880                USART3_IRQHandler
                0x0000000008000880                CAN1_RX1_IRQHandler
                0x0000000008000880                UART5_IRQHandler
                0x0000000008000880                DMA2_Stream0_IRQHandler
                0x0000000008000880                TIM4_IRQHandler
                0x0000000008000880                I2C1_EV_IRQHandler
                0x0000000008000880                DMA1_Stream6_IRQHandler
                0x0000000008000880                DMA1_Stream1_IRQHandler
                0x0000000008000880                UART4_IRQHandler
                0x0000000008000880                TIM3_IRQHandler
                0x0000000008000880                RCC_IRQHandler
                0x0000000008000880                TIM8_BRK_TIM12_IRQHandler
                0x0000000008000880                Default_Handler
                0x0000000008000880                EXTI15_10_IRQHandler
                0x0000000008000880                ADC_IRQHandler
                0x0000000008000880                DMA1_Stream7_IRQHandler
                0x0000000008000880                TIM7_IRQHandler
                0x0000000008000880                CAN2_TX_IRQHandler
                0x0000000008000880                TIM5_IRQHandler
                0x0000000008000880                DMA2_Stream7_IRQHandler
                0x0000000008000880                I2C3_EV_IRQHandler
                0x0000000008000880                EXTI9_5_IRQHandler
                0x0000000008000880                RTC_WKUP_IRQHandler
                0x0000000008000880                ETH_WKUP_IRQHandler
                0x0000000008000880                SPI2_IRQHandler
                0x0000000008000880                OTG_HS_EP1_IN_IRQHandler
                0x0000000008000880                DMA1_Stream0_IRQHandler
                0x0000000008000880                CAN1_TX_IRQHandler
                0x0000000008000880                EXTI4_IRQHandler
                0x0000000008000880                FSMC_IRQHandler
                0x0000000008000880                ETH_IRQHandler
                0x0000000008000880                OTG_HS_EP1_OUT_IRQHandler
                0x0000000008000880                WWDG_IRQHandler
                0x0000000008000880                TIM2_IRQHandler
                0x0000000008000880                OTG_FS_WKUP_IRQHandler
                0x0000000008000880                TIM1_TRG_COM_TIM11_IRQHandler
                0x0000000008000880                OTG_HS_IRQHandler
                0x0000000008000880                EXTI1_IRQHandler
                0x0000000008000880                USART2_IRQHandler
                0x0000000008000880                I2C2_ER_IRQHandler
                0x0000000008000880                DMA2_Stream1_IRQHandler
                0x0000000008000880                CAN1_SCE_IRQHandler
                0x0000000008000880                FLASH_IRQHandler
                0x0000000008000880                DMA2_Stream4_IRQHandler
                0x0000000008000880                USART1_IRQHandler
                0x0000000008000880                SPI3_IRQHandler
                0x0000000008000880                DMA1_Stream4_IRQHandler
                0x0000000008000880                I2C1_ER_IRQHandler
                0x0000000008000880                DMA2_Stream6_IRQHandler
                0x0000000008000880                DMA1_Stream3_IRQHandler
 *fill*         0x0000000008000882        0x2 
 .text.HAL_Init
                0x0000000008000884       0x44 ./Drivers/STM32F4xx_HAL_Driver/Src/stm32f4xx_hal.o
                0x0000000008000884                HAL_Init
 .text.HAL_InitTick
                0x00000000080008c8       0x60 ./Drivers/STM32F4xx_HAL_Driver/Src/stm32f4xx_hal.o
                0x00000000080008c8                HAL_InitTick
 .text.HAL_IncTick
                0x0000000008000928       0x28 ./Drivers/STM32F4xx_HAL_Driver/Src/stm32f4xx_hal.o
                0x0000000008000928                HAL_IncTick
 .text.HAL_GetTick
                0x0000000008000950       0x18 ./Drivers/STM32F4xx_HAL_Driver/Src/stm32f4xx_hal.o
                0x0000000008000950                HAL_GetTick
 .text.HAL_Delay
                0x0000000008000968       0x48 ./Drivers/STM32F4xx_HAL_Driver/Src/stm32f4xx_hal.o
                0x0000000008000968                HAL_Delay
 .text.__NVIC_SetPriorityGrouping
                0x00000000080009b0       0x48 ./Drivers/STM32F4xx_HAL_Driver/Src/stm32f4xx_hal_cortex.o
 .text.__NVIC_GetPriorityGrouping
                0x00000000080009f8       0x1c ./Drivers/STM32F4xx_HAL_Driver/Src/stm32f4xx_hal_cortex.o
 .text.__NVIC_EnableIRQ
                0x0000000008000a14       0x3c ./Drivers/STM32F4xx_HAL_Driver/Src/stm32f4xx_hal_cortex.o
 .text.__NVIC_SetPriority
                0x0000000008000a50       0x54 ./Drivers/STM32F4xx_HAL_Driver/Src/stm32f4xx_hal_cortex.o
 .text.NVIC_EncodePriority
                0x0000000008000aa4       0x66 ./Drivers/STM32F4xx_HAL_Driver/Src/stm32f4xx_hal_cortex.o
 *fill*         0x0000000008000b0a        0x2 
 .text.SysTick_Config
                0x0000000008000b0c       0x44 ./Drivers/STM32F4xx_HAL_Driver/Src/stm32f4xx_hal_cortex.o
 .text.HAL_NVIC_SetPriorityGrouping
                0x0000000008000b50       0x16 ./Drivers/STM32F4xx_HAL_Driver/Src/stm32f4xx_hal_cortex.o
                0x0000000008000b50                HAL_NVIC_SetPriorityGrouping
 .text.HAL_NVIC_SetPriority
                0x0000000008000b66       0x38 ./Drivers/STM32F4xx_HAL_Driver/Src/stm32f4xx_hal_cortex.o
                0x0000000008000b66                HAL_NVIC_SetPriority
 .text.HAL_NVIC_EnableIRQ
                0x0000000008000b9e       0x1c ./Drivers/STM32F4xx_HAL_Driver/Src/stm32f4xx_hal_cortex.o
                0x0000000008000b9e                HAL_NVIC_EnableIRQ
 .text.HAL_SYSTICK_Config
                0x0000000008000bba       0x18 ./Drivers/STM32F4xx_HAL_Driver/Src/stm32f4xx_hal_cortex.o
                0x0000000008000bba                HAL_SYSTICK_Config
 *fill*         0x0000000008000bd2        0x2 
 .text.HAL_GPIO_Init
                0x0000000008000bd4      0x338 ./Drivers/STM32F4xx_HAL_Driver/Src/stm32f4xx_hal_gpio.o
                0x0000000008000bd4                HAL_GPIO_Init
 .text.HAL_GPIO_WritePin
                0x0000000008000f0c       0x32 ./Drivers/STM32F4xx_HAL_Driver/Src/stm32f4xx_hal_gpio.o
                0x0000000008000f0c                HAL_GPIO_WritePin
 .text.HAL_GPIO_TogglePin
                0x0000000008000f3e       0x34 ./Drivers/STM32F4xx_HAL_Driver/Src/stm32f4xx_hal_gpio.o
                0x0000000008000f3e                HAL_GPIO_TogglePin
 .text.HAL_PCD_Init
                0x0000000008000f72      0x23a ./Drivers/STM32F4xx_HAL_Driver/Src/stm32f4xx_hal_pcd.o
                0x0000000008000f72                HAL_PCD_Init
 .text.HAL_PCD_Start
                0x00000000080011ac       0x66 ./Drivers/STM32F4xx_HAL_Driver/Src/stm32f4xx_hal_pcd.o
                0x00000000080011ac                HAL_PCD_Start
 .text.HAL_PCD_IRQHandler
                0x0000000008001212      0x93e ./Drivers/STM32F4xx_HAL_Driver/Src/stm32f4xx_hal_pcd.o
                0x0000000008001212                HAL_PCD_IRQHandler
 .text.HAL_PCD_SetAddress
                0x0000000008001b50       0x4a ./Drivers/STM32F4xx_HAL_Driver/Src/stm32f4xx_hal_pcd.o
                0x0000000008001b50                HAL_PCD_SetAddress
 .text.HAL_PCD_EP_Open
                0x0000000008001b9a       0xd0 ./Drivers/STM32F4xx_HAL_Driver/Src/stm32f4xx_hal_pcd.o
                0x0000000008001b9a                HAL_PCD_EP_Open
 .text.HAL_PCD_EP_Close
                0x0000000008001c6a       0x94 ./Drivers/STM32F4xx_HAL_Driver/Src/stm32f4xx_hal_pcd.o
                0x0000000008001c6a                HAL_PCD_EP_Close
 .text.HAL_PCD_EP_Receive
                0x0000000008001cfe       0x96 ./Drivers/STM32F4xx_HAL_Driver/Src/stm32f4xx_hal_pcd.o
                0x0000000008001cfe                HAL_PCD_EP_Receive
 .text.HAL_PCD_EP_Transmit
                0x0000000008001d94       0x94 ./Drivers/STM32F4xx_HAL_Driver/Src/stm32f4xx_hal_pcd.o
                0x0000000008001d94                HAL_PCD_EP_Transmit
 .text.HAL_PCD_EP_SetStall
                0x0000000008001e28       0xc8 ./Drivers/STM32F4xx_HAL_Driver/Src/stm32f4xx_hal_pcd.o
                0x0000000008001e28                HAL_PCD_EP_SetStall
 .text.HAL_PCD_EP_ClrStall
                0x0000000008001ef0       0xac ./Drivers/STM32F4xx_HAL_Driver/Src/stm32f4xx_hal_pcd.o
                0x0000000008001ef0                HAL_PCD_EP_ClrStall
 .text.HAL_PCD_EP_Abort
                0x0000000008001f9c       0x62 ./Drivers/STM32F4xx_HAL_Driver/Src/stm32f4xx_hal_pcd.o
                0x0000000008001f9c                HAL_PCD_EP_Abort
 .text.PCD_WriteEmptyTxFifo
                0x0000000008001ffe      0x11a ./Drivers/STM32F4xx_HAL_Driver/Src/stm32f4xx_hal_pcd.o
 .text.PCD_EP_OutXfrComplete_int
                0x0000000008002118      0x1d0 ./Drivers/STM32F4xx_HAL_Driver/Src/stm32f4xx_hal_pcd.o
 .text.PCD_EP_OutSetupPacket_int
                0x00000000080022e8       0x8c ./Drivers/STM32F4xx_HAL_Driver/Src/stm32f4xx_hal_pcd.o
 .text.HAL_PCDEx_SetTxFiFo
                0x0000000008002374       0x8e ./Drivers/STM32F4xx_HAL_Driver/Src/stm32f4xx_hal_pcd_ex.o
                0x0000000008002374                HAL_PCDEx_SetTxFiFo
 .text.HAL_PCDEx_SetRxFiFo
                0x0000000008002402       0x22 ./Drivers/STM32F4xx_HAL_Driver/Src/stm32f4xx_hal_pcd_ex.o
                0x0000000008002402                HAL_PCDEx_SetRxFiFo
 .text.HAL_PCDEx_LPM_Callback
                0x0000000008002424       0x18 ./Drivers/STM32F4xx_HAL_Driver/Src/stm32f4xx_hal_pcd_ex.o
                0x0000000008002424                HAL_PCDEx_LPM_Callback
 .text.HAL_RCC_OscConfig
                0x000000000800243c      0x4f0 ./Drivers/STM32F4xx_HAL_Driver/Src/stm32f4xx_hal_rcc.o
                0x000000000800243c                HAL_RCC_OscConfig
 .text.HAL_RCC_ClockConfig
                0x000000000800292c      0x1cc ./Drivers/STM32F4xx_HAL_Driver/Src/stm32f4xx_hal_rcc.o
                0x000000000800292c                HAL_RCC_ClockConfig
 .text.HAL_RCC_GetSysClockFreq
                0x0000000008002af8      0x20c ./Drivers/STM32F4xx_HAL_Driver/Src/stm32f4xx_hal_rcc.o
                0x0000000008002af8                HAL_RCC_GetSysClockFreq
 .text.HAL_RCC_GetHCLKFreq
                0x0000000008002d04       0x18 ./Drivers/STM32F4xx_HAL_Driver/Src/stm32f4xx_hal_rcc.o
                0x0000000008002d04                HAL_RCC_GetHCLKFreq
 .text.USB_CoreInit
                0x0000000008002d1c       0xc2 ./Drivers/STM32F4xx_HAL_Driver/Src/stm32f4xx_ll_usb.o
                0x0000000008002d1c                USB_CoreInit
 *fill*         0x0000000008002dde        0x2 
 .text.USB_SetTurnaroundTime
                0x0000000008002de0      0x144 ./Drivers/STM32F4xx_HAL_Driver/Src/stm32f4xx_ll_usb.o
                0x0000000008002de0                USB_SetTurnaroundTime
 .text.USB_EnableGlobalInt
                0x0000000008002f24       0x22 ./Drivers/STM32F4xx_HAL_Driver/Src/stm32f4xx_ll_usb.o
                0x0000000008002f24                USB_EnableGlobalInt
 .text.USB_DisableGlobalInt
                0x0000000008002f46       0x22 ./Drivers/STM32F4xx_HAL_Driver/Src/stm32f4xx_ll_usb.o
                0x0000000008002f46                USB_DisableGlobalInt
 .text.USB_SetCurrentMode
                0x0000000008002f68       0x98 ./Drivers/STM32F4xx_HAL_Driver/Src/stm32f4xx_ll_usb.o
                0x0000000008002f68                USB_SetCurrentMode
 .text.USB_DevInit
                0x0000000008003000      0x2c8 ./Drivers/STM32F4xx_HAL_Driver/Src/stm32f4xx_ll_usb.o
                0x0000000008003000                USB_DevInit
 .text.USB_FlushTxFifo
                0x00000000080032c8       0x68 ./Drivers/STM32F4xx_HAL_Driver/Src/stm32f4xx_ll_usb.o
                0x00000000080032c8                USB_FlushTxFifo
 .text.USB_FlushRxFifo
                0x0000000008003330       0x60 ./Drivers/STM32F4xx_HAL_Driver/Src/stm32f4xx_ll_usb.o
                0x0000000008003330                USB_FlushRxFifo
 .text.USB_SetDevSpeed
                0x0000000008003390       0x32 ./Drivers/STM32F4xx_HAL_Driver/Src/stm32f4xx_ll_usb.o
                0x0000000008003390                USB_SetDevSpeed
 .text.USB_GetDevSpeed
                0x00000000080033c2       0x4a ./Drivers/STM32F4xx_HAL_Driver/Src/stm32f4xx_ll_usb.o
                0x00000000080033c2                USB_GetDevSpeed
 .text.USB_ActivateEndpoint
                0x000000000800340c      0x10e ./Drivers/STM32F4xx_HAL_Driver/Src/stm32f4xx_ll_usb.o
                0x000000000800340c                USB_ActivateEndpoint
 *fill*         0x000000000800351a        0x2 
 .text.USB_DeactivateEndpoint
                0x000000000800351c      0x1b8 ./Drivers/STM32F4xx_HAL_Driver/Src/stm32f4xx_ll_usb.o
                0x000000000800351c                USB_DeactivateEndpoint
 .text.USB_EPStartXfer
                0x00000000080036d4      0x490 ./Drivers/STM32F4xx_HAL_Driver/Src/stm32f4xx_ll_usb.o
                0x00000000080036d4                USB_EPStartXfer
 .text.USB_EP0StartXfer
                0x0000000008003b64      0x2b0 ./Drivers/STM32F4xx_HAL_Driver/Src/stm32f4xx_ll_usb.o
                0x0000000008003b64                USB_EP0StartXfer
 .text.USB_EPStopXfer
                0x0000000008003e14      0x154 ./Drivers/STM32F4xx_HAL_Driver/Src/stm32f4xx_ll_usb.o
                0x0000000008003e14                USB_EPStopXfer
 .text.USB_WritePacket
                0x0000000008003f68       0x7c ./Drivers/STM32F4xx_HAL_Driver/Src/stm32f4xx_ll_usb.o
                0x0000000008003f68                USB_WritePacket
 .text.USB_ReadPacket
                0x0000000008003fe4       0xb0 ./Drivers/STM32F4xx_HAL_Driver/Src/stm32f4xx_ll_usb.o
                0x0000000008003fe4                USB_ReadPacket
 .text.USB_EPSetStall
                0x0000000008004094       0xdc ./Drivers/STM32F4xx_HAL_Driver/Src/stm32f4xx_ll_usb.o
                0x0000000008004094                USB_EPSetStall
 .text.USB_EPClearStall
                0x0000000008004170       0xcc ./Drivers/STM32F4xx_HAL_Driver/Src/stm32f4xx_ll_usb.o
                0x0000000008004170                USB_EPClearStall
 .text.USB_SetDevAddress
                0x000000000800423c       0x4c ./Drivers/STM32F4xx_HAL_Driver/Src/stm32f4xx_ll_usb.o
                0x000000000800423c                USB_SetDevAddress
 .text.USB_DevConnect
                0x0000000008004288       0x42 ./Drivers/STM32F4xx_HAL_Driver/Src/stm32f4xx_ll_usb.o
                0x0000000008004288                USB_DevConnect
 .text.USB_DevDisconnect
                0x00000000080042ca       0x42 ./Drivers/STM32F4xx_HAL_Driver/Src/stm32f4xx_ll_usb.o
                0x00000000080042ca                USB_DevDisconnect
 .text.USB_ReadInterrupts
                0x000000000800430c       0x26 ./Drivers/STM32F4xx_HAL_Driver/Src/stm32f4xx_ll_usb.o
                0x000000000800430c                USB_ReadInterrupts
 .text.USB_ReadDevAllOutEpInterrupt
                0x0000000008004332       0x34 ./Drivers/STM32F4xx_HAL_Driver/Src/stm32f4xx_ll_usb.o
                0x0000000008004332                USB_ReadDevAllOutEpInterrupt
 .text.USB_ReadDevAllInEpInterrupt
                0x0000000008004366       0x34 ./Drivers/STM32F4xx_HAL_Driver/Src/stm32f4xx_ll_usb.o
                0x0000000008004366                USB_ReadDevAllInEpInterrupt
 .text.USB_ReadDevOutEPInterrupt
                0x000000000800439a       0x3c ./Drivers/STM32F4xx_HAL_Driver/Src/stm32f4xx_ll_usb.o
                0x000000000800439a                USB_ReadDevOutEPInterrupt
 .text.USB_ReadDevInEPInterrupt
                0x00000000080043d6       0x5c ./Drivers/STM32F4xx_HAL_Driver/Src/stm32f4xx_ll_usb.o
                0x00000000080043d6                USB_ReadDevInEPInterrupt
 .text.USB_GetMode
                0x0000000008004432       0x1c ./Drivers/STM32F4xx_HAL_Driver/Src/stm32f4xx_ll_usb.o
                0x0000000008004432                USB_GetMode
 .text.USB_ActivateSetup
                0x000000000800444e       0x46 ./Drivers/STM32F4xx_HAL_Driver/Src/stm32f4xx_ll_usb.o
                0x000000000800444e                USB_ActivateSetup
 .text.USB_EP0_OutStart
                0x0000000008004494       0xbc ./Drivers/STM32F4xx_HAL_Driver/Src/stm32f4xx_ll_usb.o
                0x0000000008004494                USB_EP0_OutStart
 .text.USB_CoreReset
                0x0000000008004550       0x68 ./Drivers/STM32F4xx_HAL_Driver/Src/stm32f4xx_ll_usb.o
 .text.USBD_HID_Init
                0x00000000080045b8       0xcc ./Middlewares/ST/STM32_USB_Device_Library/Class/HID/Src/usbd_hid.o
 .text.USBD_HID_DeInit
                0x0000000008004684       0x90 ./Middlewares/ST/STM32_USB_Device_Library/Class/HID/Src/usbd_hid.o
 .text.USBD_HID_Setup
                0x0000000008004714      0x210 ./Middlewares/ST/STM32_USB_Device_Library/Class/HID/Src/usbd_hid.o
 .text.USBD_HID_SendReport
                0x0000000008004924       0x60 ./Middlewares/ST/STM32_USB_Device_Library/Class/HID/Src/usbd_hid.o
                0x0000000008004924                USBD_HID_SendReport
 .text.USBD_HID_GetFSCfgDesc
                0x0000000008004984       0x34 ./Middlewares/ST/STM32_USB_Device_Library/Class/HID/Src/usbd_hid.o
 .text.USBD_HID_GetHSCfgDesc
                0x00000000080049b8       0x34 ./Middlewares/ST/STM32_USB_Device_Library/Class/HID/Src/usbd_hid.o
 .text.USBD_HID_GetOtherSpeedCfgDesc
                0x00000000080049ec       0x34 ./Middlewares/ST/STM32_USB_Device_Library/Class/HID/Src/usbd_hid.o
 .text.USBD_HID_DataIn
                0x0000000008004a20       0x2c ./Middlewares/ST/STM32_USB_Device_Library/Class/HID/Src/usbd_hid.o
 .text.USBD_HID_GetDeviceQualifierDesc
                0x0000000008004a4c       0x20 ./Middlewares/ST/STM32_USB_Device_Library/Class/HID/Src/usbd_hid.o
 .text.USBD_Init
                0x0000000008004a6c       0x60 ./Middlewares/ST/STM32_USB_Device_Library/Core/Src/usbd_core.o
                0x0000000008004a6c                USBD_Init
 .text.USBD_RegisterClass
                0x0000000008004acc       0x6c ./Middlewares/ST/STM32_USB_Device_Library/Core/Src/usbd_core.o
                0x0000000008004acc                USBD_RegisterClass
 .text.USBD_Start
                0x0000000008004b38       0x18 ./Middlewares/ST/STM32_USB_Device_Library/Core/Src/usbd_core.o
                0x0000000008004b38                USBD_Start
 .text.USBD_RunTestMode
                0x0000000008004b50       0x16 ./Middlewares/ST/STM32_USB_Device_Library/Core/Src/usbd_core.o
                0x0000000008004b50                USBD_RunTestMode
 .text.USBD_SetClassConfig
                0x0000000008004b66       0x38 ./Middlewares/ST/STM32_USB_Device_Library/Core/Src/usbd_core.o
                0x0000000008004b66                USBD_SetClassConfig
 .text.USBD_ClrClassConfig
                0x0000000008004b9e       0x34 ./Middlewares/ST/STM32_USB_Device_Library/Core/Src/usbd_core.o
                0x0000000008004b9e                USBD_ClrClassConfig
 .text.USBD_LL_SetupStage
                0x0000000008004bd2       0xaa ./Middlewares/ST/STM32_USB_Device_Library/Core/Src/usbd_core.o
                0x0000000008004bd2                USBD_LL_SetupStage
 .text.USBD_LL_DataOutStage
                0x0000000008004c7c      0x166 ./Middlewares/ST/STM32_USB_Device_Library/Core/Src/usbd_core.o
                0x0000000008004c7c                USBD_LL_DataOutStage
 .text.USBD_LL_DataInStage
                0x0000000008004de2      0x164 ./Middlewares/ST/STM32_USB_Device_Library/Core/Src/usbd_core.o
                0x0000000008004de2                USBD_LL_DataInStage
 .text.USBD_LL_Reset
                0x0000000008004f46       0xa4 ./Middlewares/ST/STM32_USB_Device_Library/Core/Src/usbd_core.o
                0x0000000008004f46                USBD_LL_Reset
 .text.USBD_LL_SetSpeed
                0x0000000008004fea       0x20 ./Middlewares/ST/STM32_USB_Device_Library/Core/Src/usbd_core.o
                0x0000000008004fea                USBD_LL_SetSpeed
 .text.USBD_LL_Suspend
                0x000000000800500a       0x2c ./Middlewares/ST/STM32_USB_Device_Library/Core/Src/usbd_core.o
                0x000000000800500a                USBD_LL_Suspend
 .text.USBD_LL_Resume
                0x0000000008005036       0x30 ./Middlewares/ST/STM32_USB_Device_Library/Core/Src/usbd_core.o
                0x0000000008005036                USBD_LL_Resume
 .text.USBD_LL_SOF
                0x0000000008005066       0x40 ./Middlewares/ST/STM32_USB_Device_Library/Core/Src/usbd_core.o
                0x0000000008005066                USBD_LL_SOF
 .text.USBD_LL_IsoINIncomplete
                0x00000000080050a6       0x64 ./Middlewares/ST/STM32_USB_Device_Library/Core/Src/usbd_core.o
                0x00000000080050a6                USBD_LL_IsoINIncomplete
 .text.USBD_LL_IsoOUTIncomplete
                0x000000000800510a       0x64 ./Middlewares/ST/STM32_USB_Device_Library/Core/Src/usbd_core.o
                0x000000000800510a                USBD_LL_IsoOUTIncomplete
 .text.USBD_LL_DevConnected
                0x000000000800516e       0x16 ./Middlewares/ST/STM32_USB_Device_Library/Core/Src/usbd_core.o
                0x000000000800516e                USBD_LL_DevConnected
 .text.USBD_LL_DevDisconnected
                0x0000000008005184       0x46 ./Middlewares/ST/STM32_USB_Device_Library/Core/Src/usbd_core.o
                0x0000000008005184                USBD_LL_DevDisconnected
 .text.USBD_CoreFindIF
                0x00000000080051ca       0x1a ./Middlewares/ST/STM32_USB_Device_Library/Core/Src/usbd_core.o
                0x00000000080051ca                USBD_CoreFindIF
 .text.USBD_CoreFindEP
                0x00000000080051e4       0x1a ./Middlewares/ST/STM32_USB_Device_Library/Core/Src/usbd_core.o
                0x00000000080051e4                USBD_CoreFindEP
 .text.USBD_GetEpDesc
                0x00000000080051fe       0x74 ./Middlewares/ST/STM32_USB_Device_Library/Core/Src/usbd_core.o
                0x00000000080051fe                USBD_GetEpDesc
 .text.USBD_GetNextDesc
                0x0000000008005272       0x3a ./Middlewares/ST/STM32_USB_Device_Library/Core/Src/usbd_core.o
                0x0000000008005272                USBD_GetNextDesc
 .text.SWAPBYTE
                0x00000000080052ac       0x3c ./Middlewares/ST/STM32_USB_Device_Library/Core/Src/usbd_ctlreq.o
 .text.USBD_StdDevReq
                0x00000000080052e8       0xe4 ./Middlewares/ST/STM32_USB_Device_Library/Core/Src/usbd_ctlreq.o
                0x00000000080052e8                USBD_StdDevReq
 .text.USBD_StdItfReq
                0x00000000080053cc       0xd8 ./Middlewares/ST/STM32_USB_Device_Library/Core/Src/usbd_ctlreq.o
                0x00000000080053cc                USBD_StdItfReq
 .text.USBD_StdEPReq
                0x00000000080054a4      0x33a ./Middlewares/ST/STM32_USB_Device_Library/Core/Src/usbd_ctlreq.o
                0x00000000080054a4                USBD_StdEPReq
 *fill*         0x00000000080057de        0x2 
 .text.USBD_GetDescriptor
                0x00000000080057e0      0x2d4 ./Middlewares/ST/STM32_USB_Device_Library/Core/Src/usbd_ctlreq.o
 .text.USBD_SetAddress
                0x0000000008005ab4       0x88 ./Middlewares/ST/STM32_USB_Device_Library/Core/Src/usbd_ctlreq.o
 .text.USBD_SetConfig
                0x0000000008005b3c      0x154 ./Middlewares/ST/STM32_USB_Device_Library/Core/Src/usbd_ctlreq.o
 .text.USBD_GetConfig
                0x0000000008005c90       0x6c ./Middlewares/ST/STM32_USB_Device_Library/Core/Src/usbd_ctlreq.o
 .text.USBD_GetStatus
                0x0000000008005cfc       0x68 ./Middlewares/ST/STM32_USB_Device_Library/Core/Src/usbd_ctlreq.o
 .text.USBD_SetFeature
                0x0000000008005d64       0x52 ./Middlewares/ST/STM32_USB_Device_Library/Core/Src/usbd_ctlreq.o
 .text.USBD_ClrFeature
                0x0000000008005db6       0x44 ./Middlewares/ST/STM32_USB_Device_Library/Core/Src/usbd_ctlreq.o
 .text.USBD_ParseSetupRequest
                0x0000000008005dfa       0x74 ./Middlewares/ST/STM32_USB_Device_Library/Core/Src/usbd_ctlreq.o
                0x0000000008005dfa                USBD_ParseSetupRequest
 .text.USBD_CtlError
                0x0000000008005e6e       0x22 ./Middlewares/ST/STM32_USB_Device_Library/Core/Src/usbd_ctlreq.o
                0x0000000008005e6e                USBD_CtlError
 .text.USBD_GetString
                0x0000000008005e90       0x8c ./Middlewares/ST/STM32_USB_Device_Library/Core/Src/usbd_ctlreq.o
                0x0000000008005e90                USBD_GetString
 .text.USBD_GetLen
                0x0000000008005f1c       0x34 ./Middlewares/ST/STM32_USB_Device_Library/Core/Src/usbd_ctlreq.o
 .text.USBD_CtlSendData
                0x0000000008005f50       0x36 ./Middlewares/ST/STM32_USB_Device_Library/Core/Src/usbd_ioreq.o
                0x0000000008005f50                USBD_CtlSendData
 .text.USBD_CtlContinueSendData
                0x0000000008005f86       0x22 ./Middlewares/ST/STM32_USB_Device_Library/Core/Src/usbd_ioreq.o
                0x0000000008005f86                USBD_CtlContinueSendData
 .text.USBD_CtlContinueRx
                0x0000000008005fa8       0x22 ./Middlewares/ST/STM32_USB_Device_Library/Core/Src/usbd_ioreq.o
                0x0000000008005fa8                USBD_CtlContinueRx
 .text.USBD_CtlSendStatus
                0x0000000008005fca       0x26 ./Middlewares/ST/STM32_USB_Device_Library/Core/Src/usbd_ioreq.o
                0x0000000008005fca                USBD_CtlSendStatus
 .text.USBD_CtlReceiveStatus
                0x0000000008005ff0       0x26 ./Middlewares/ST/STM32_USB_Device_Library/Core/Src/usbd_ioreq.o
                0x0000000008005ff0                USBD_CtlReceiveStatus
 *fill*         0x0000000008006016        0x2 
 .text.MX_USB_DEVICE_Init
                0x0000000008006018       0x4c ./USB_DEVICE/App/usb_device.o
                0x0000000008006018                MX_USB_DEVICE_Init
 .text.USBD_FS_DeviceDescriptor
                0x0000000008006064       0x24 ./USB_DEVICE/App/usbd_desc.o
                0x0000000008006064                USBD_FS_DeviceDescriptor
 .text.USBD_FS_LangIDStrDescriptor
                0x0000000008006088       0x24 ./USB_DEVICE/App/usbd_desc.o
                0x0000000008006088                USBD_FS_LangIDStrDescriptor
 .text.USBD_FS_ProductStrDescriptor
                0x00000000080060ac       0x3c ./USB_DEVICE/App/usbd_desc.o
                0x00000000080060ac                USBD_FS_ProductStrDescriptor
 .text.USBD_FS_ManufacturerStrDescriptor
                0x00000000080060e8       0x28 ./USB_DEVICE/App/usbd_desc.o
                0x00000000080060e8                USBD_FS_ManufacturerStrDescriptor
 .text.USBD_FS_SerialStrDescriptor
                0x0000000008006110       0x24 ./USB_DEVICE/App/usbd_desc.o
                0x0000000008006110                USBD_FS_SerialStrDescriptor
 .text.USBD_FS_ConfigStrDescriptor
                0x0000000008006134       0x3c ./USB_DEVICE/App/usbd_desc.o
                0x0000000008006134                USBD_FS_ConfigStrDescriptor
 .text.USBD_FS_InterfaceStrDescriptor
                0x0000000008006170       0x3c ./USB_DEVICE/App/usbd_desc.o
                0x0000000008006170                USBD_FS_InterfaceStrDescriptor
 .text.Get_SerialNum
                0x00000000080061ac       0x58 ./USB_DEVICE/App/usbd_desc.o
 .text.IntToUnicode
                0x0000000008006204       0x7e ./USB_DEVICE/App/usbd_desc.o
 *fill*         0x0000000008006282        0x2 
 .text.HAL_PCD_MspInit
                0x0000000008006284       0xa8 ./USB_DEVICE/Target/usbd_conf.o
                0x0000000008006284                HAL_PCD_MspInit
 .text.HAL_PCD_SetupStageCallback
                0x000000000800632c       0x24 ./USB_DEVICE/Target/usbd_conf.o
                0x000000000800632c                HAL_PCD_SetupStageCallback
 .text.HAL_PCD_DataOutStageCallback
                0x0000000008006350       0x36 ./USB_DEVICE/Target/usbd_conf.o
                0x0000000008006350                HAL_PCD_DataOutStageCallback
 .text.HAL_PCD_DataInStageCallback
                0x0000000008006386       0x34 ./USB_DEVICE/Target/usbd_conf.o
                0x0000000008006386                HAL_PCD_DataInStageCallback
 .text.HAL_PCD_SOFCallback
                0x00000000080063ba       0x1c ./USB_DEVICE/Target/usbd_conf.o
                0x00000000080063ba                HAL_PCD_SOFCallback
 .text.HAL_PCD_ResetCallback
                0x00000000080063d6       0x50 ./USB_DEVICE/Target/usbd_conf.o
                0x00000000080063d6                HAL_PCD_ResetCallback
 *fill*         0x0000000008006426        0x2 
 .text.HAL_PCD_SuspendCallback
                0x0000000008006428       0x4c ./USB_DEVICE/Target/usbd_conf.o
                0x0000000008006428                HAL_PCD_SuspendCallback
 .text.HAL_PCD_ResumeCallback
                0x0000000008006474       0x1c ./USB_DEVICE/Target/usbd_conf.o
                0x0000000008006474                HAL_PCD_ResumeCallback
 .text.HAL_PCD_ISOOUTIncompleteCallback
                0x0000000008006490       0x24 ./USB_DEVICE/Target/usbd_conf.o
                0x0000000008006490                HAL_PCD_ISOOUTIncompleteCallback
 .text.HAL_PCD_ISOINIncompleteCallback
                0x00000000080064b4       0x24 ./USB_DEVICE/Target/usbd_conf.o
                0x00000000080064b4                HAL_PCD_ISOINIncompleteCallback
 .text.HAL_PCD_ConnectCallback
                0x00000000080064d8       0x1c ./USB_DEVICE/Target/usbd_conf.o
                0x00000000080064d8                HAL_PCD_ConnectCallback
 .text.HAL_PCD_DisconnectCallback
                0x00000000080064f4       0x1c ./USB_DEVICE/Target/usbd_conf.o
                0x00000000080064f4                HAL_PCD_DisconnectCallback
 .text.USBD_LL_Init
                0x0000000008006510       0x98 ./USB_DEVICE/Target/usbd_conf.o
                0x0000000008006510                USBD_LL_Init
 .text.USBD_LL_Start
                0x00000000080065a8       0x36 ./USB_DEVICE/Target/usbd_conf.o
                0x00000000080065a8                USBD_LL_Start
 .text.USBD_LL_OpenEP
                0x00000000080065de       0x4c ./USB_DEVICE/Target/usbd_conf.o
                0x00000000080065de                USBD_LL_OpenEP
 .text.USBD_LL_CloseEP
                0x000000000800662a       0x3e ./USB_DEVICE/Target/usbd_conf.o
                0x000000000800662a                USBD_LL_CloseEP
 .text.USBD_LL_StallEP
                0x0000000008006668       0x3e ./USB_DEVICE/Target/usbd_conf.o
                0x0000000008006668                USBD_LL_StallEP
 .text.USBD_LL_ClearStallEP
                0x00000000080066a6       0x3e ./USB_DEVICE/Target/usbd_conf.o
                0x00000000080066a6                USBD_LL_ClearStallEP
 .text.USBD_LL_IsStallEP
                0x00000000080066e4       0x58 ./USB_DEVICE/Target/usbd_conf.o
                0x00000000080066e4                USBD_LL_IsStallEP
 .text.USBD_LL_SetUSBAddress
                0x000000000800673c       0x3e ./USB_DEVICE/Target/usbd_conf.o
                0x000000000800673c                USBD_LL_SetUSBAddress
 .text.USBD_LL_Transmit
                0x000000000800677a       0x42 ./USB_DEVICE/Target/usbd_conf.o
                0x000000000800677a                USBD_LL_Transmit
 .text.USBD_LL_PrepareReceive
                0x00000000080067bc       0x42 ./USB_DEVICE/Target/usbd_conf.o
                0x00000000080067bc                USBD_LL_PrepareReceive
 *fill*         0x00000000080067fe        0x2 
 .text.USBD_static_malloc
                0x0000000008006800       0x1c ./USB_DEVICE/Target/usbd_conf.o
                0x0000000008006800                USBD_static_malloc
 .text.USBD_static_free
                0x000000000800681c       0x14 ./USB_DEVICE/Target/usbd_conf.o
                0x000000000800681c                USBD_static_free
 .text.USBD_Get_USB_Status
                0x0000000008006830       0x58 ./USB_DEVICE/Target/usbd_conf.o
                0x0000000008006830                USBD_Get_USB_Status
 .text.memset   0x0000000008006888       0x10 /home/cipo/.eclipse/com.st.stm32cube.ide.mcu.rcp.product_1.13.1_139062292_linux_gtk_x86_64/plugins/com.st.stm32cube.ide.mcu.externaltools.gnu-tools-for-stm32.11.3.rel1.linux64_1.1.1.202309131626/tools/bin/../lib/gcc/arm-none-eabi/11.3.1/../../../../arm-none-eabi/lib/thumb/v7e-m+fp/hard/libc_nano.a(libc_a-memset.o)
                0x0000000008006888                memset
 .text.__libc_init_array
                0x0000000008006898       0x48 /home/cipo/.eclipse/com.st.stm32cube.ide.mcu.rcp.product_1.13.1_139062292_linux_gtk_x86_64/plugins/com.st.stm32cube.ide.mcu.externaltools.gnu-tools-for-stm32.11.3.rel1.linux64_1.1.1.202309131626/tools/bin/../lib/gcc/arm-none-eabi/11.3.1/../../../../arm-none-eabi/lib/thumb/v7e-m+fp/hard/libc_nano.a(libc_a-init.o)
                0x0000000008006898                __libc_init_array
 *(.glue_7)
 .glue_7        0x00000000080068e0        0x0 linker stubs
 *(.glue_7t)
 .glue_7t       0x00000000080068e0        0x0 linker stubs
 *(.eh_frame)
 .eh_frame      0x00000000080068e0        0x0 /home/cipo/.eclipse/com.st.stm32cube.ide.mcu.rcp.product_1.13.1_139062292_linux_gtk_x86_64/plugins/com.st.stm32cube.ide.mcu.externaltools.gnu-tools-for-stm32.11.3.rel1.linux64_1.1.1.202309131626/tools/bin/../lib/gcc/arm-none-eabi/11.3.1/thumb/v7e-m+fp/hard/crtbegin.o
 *(.init)
 .init          0x00000000080068e0        0x4 /home/cipo/.eclipse/com.st.stm32cube.ide.mcu.rcp.product_1.13.1_139062292_linux_gtk_x86_64/plugins/com.st.stm32cube.ide.mcu.externaltools.gnu-tools-for-stm32.11.3.rel1.linux64_1.1.1.202309131626/tools/bin/../lib/gcc/arm-none-eabi/11.3.1/thumb/v7e-m+fp/hard/crti.o
                0x00000000080068e0                _init
 .init          0x00000000080068e4        0x8 /home/cipo/.eclipse/com.st.stm32cube.ide.mcu.rcp.product_1.13.1_139062292_linux_gtk_x86_64/plugins/com.st.stm32cube.ide.mcu.externaltools.gnu-tools-for-stm32.11.3.rel1.linux64_1.1.1.202309131626/tools/bin/../lib/gcc/arm-none-eabi/11.3.1/thumb/v7e-m+fp/hard/crtn.o
 *(.fini)
 .fini          0x00000000080068ec        0x4 /home/cipo/.eclipse/com.st.stm32cube.ide.mcu.rcp.product_1.13.1_139062292_linux_gtk_x86_64/plugins/com.st.stm32cube.ide.mcu.externaltools.gnu-tools-for-stm32.11.3.rel1.linux64_1.1.1.202309131626/tools/bin/../lib/gcc/arm-none-eabi/11.3.1/thumb/v7e-m+fp/hard/crti.o
                0x00000000080068ec                _fini
 .fini          0x00000000080068f0        0x8 /home/cipo/.eclipse/com.st.stm32cube.ide.mcu.rcp.product_1.13.1_139062292_linux_gtk_x86_64/plugins/com.st.stm32cube.ide.mcu.externaltools.gnu-tools-for-stm32.11.3.rel1.linux64_1.1.1.202309131626/tools/bin/../lib/gcc/arm-none-eabi/11.3.1/thumb/v7e-m+fp/hard/crtn.o
                0x00000000080068f8                . = ALIGN (0x4)
                0x00000000080068f8                _etext = .

.vfp11_veneer   0x00000000080068f8        0x0
 .vfp11_veneer  0x00000000080068f8        0x0 linker stubs

.v4_bx          0x00000000080068f8        0x0
 .v4_bx         0x00000000080068f8        0x0 linker stubs

.iplt           0x00000000080068f8        0x0
 .iplt          0x00000000080068f8        0x0 /home/cipo/.eclipse/com.st.stm32cube.ide.mcu.rcp.product_1.13.1_139062292_linux_gtk_x86_64/plugins/com.st.stm32cube.ide.mcu.externaltools.gnu-tools-for-stm32.11.3.rel1.linux64_1.1.1.202309131626/tools/bin/../lib/gcc/arm-none-eabi/11.3.1/thumb/v7e-m+fp/hard/crtbegin.o

.rodata         0x00000000080068f8       0x50
                0x00000000080068f8                . = ALIGN (0x4)
 *(.rodata)
 .rodata        0x00000000080068f8       0x3e ./USB_DEVICE/App/usbd_desc.o
 *(.rodata*)
 *fill*         0x0000000008006936        0x2 
 .rodata.AHBPrescTable
                0x0000000008006938       0x10 ./Core/Src/system_stm32f4xx.o
                0x0000000008006938                AHBPrescTable
                0x0000000008006948                . = ALIGN (0x4)

.ARM.extab      0x0000000008006948        0x0
                0x0000000008006948                . = ALIGN (0x4)
 *(.ARM.extab* .gnu.linkonce.armextab.*)
                0x0000000008006948                . = ALIGN (0x4)

.ARM            0x0000000008006948        0x8
                0x0000000008006948                . = ALIGN (0x4)
                0x0000000008006948                __exidx_start = .
 *(.ARM.exidx*)
 .ARM.exidx     0x0000000008006948        0x8 /home/cipo/.eclipse/com.st.stm32cube.ide.mcu.rcp.product_1.13.1_139062292_linux_gtk_x86_64/plugins/com.st.stm32cube.ide.mcu.externaltools.gnu-tools-for-stm32.11.3.rel1.linux64_1.1.1.202309131626/tools/bin/../lib/gcc/arm-none-eabi/11.3.1/thumb/v7e-m+fp/hard/libgcc.a(_udivmoddi4.o)
                0x0000000008006950                __exidx_end = .
                0x0000000008006950                . = ALIGN (0x4)

.rel.dyn        0x0000000008006950        0x0
 .rel.iplt      0x0000000008006950        0x0 /home/cipo/.eclipse/com.st.stm32cube.ide.mcu.rcp.product_1.13.1_139062292_linux_gtk_x86_64/plugins/com.st.stm32cube.ide.mcu.externaltools.gnu-tools-for-stm32.11.3.rel1.linux64_1.1.1.202309131626/tools/bin/../lib/gcc/arm-none-eabi/11.3.1/thumb/v7e-m+fp/hard/crtbegin.o

.preinit_array  0x0000000008006950        0x0
                0x0000000008006950                . = ALIGN (0x4)
                0x0000000008006950                PROVIDE (__preinit_array_start = .)
 *(.preinit_array*)
                0x0000000008006950                PROVIDE (__preinit_array_end = .)
                0x0000000008006950                . = ALIGN (0x4)

.init_array     0x0000000008006950        0x4
                0x0000000008006950                . = ALIGN (0x4)
                0x0000000008006950                PROVIDE (__init_array_start = .)
 *(SORT_BY_NAME(.init_array.*))
 *(.init_array*)
 .init_array    0x0000000008006950        0x4 /home/cipo/.eclipse/com.st.stm32cube.ide.mcu.rcp.product_1.13.1_139062292_linux_gtk_x86_64/plugins/com.st.stm32cube.ide.mcu.externaltools.gnu-tools-for-stm32.11.3.rel1.linux64_1.1.1.202309131626/tools/bin/../lib/gcc/arm-none-eabi/11.3.1/thumb/v7e-m+fp/hard/crtbegin.o
                0x0000000008006954                PROVIDE (__init_array_end = .)
                0x0000000008006954                . = ALIGN (0x4)

.fini_array     0x0000000008006954        0x4
                0x0000000008006954                . = ALIGN (0x4)
                [!provide]                        PROVIDE (__fini_array_start = .)
 *(SORT_BY_NAME(.fini_array.*))
 *(.fini_array*)
 .fini_array    0x0000000008006954        0x4 /home/cipo/.eclipse/com.st.stm32cube.ide.mcu.rcp.product_1.13.1_139062292_linux_gtk_x86_64/plugins/com.st.stm32cube.ide.mcu.externaltools.gnu-tools-for-stm32.11.3.rel1.linux64_1.1.1.202309131626/tools/bin/../lib/gcc/arm-none-eabi/11.3.1/thumb/v7e-m+fp/hard/crtbegin.o
                [!provide]                        PROVIDE (__fini_array_end = .)
                0x0000000008006958                . = ALIGN (0x4)
                0x0000000008006958                _sidata = LOADADDR (.data)

.data           0x0000000020000000      0x114 load address 0x0000000008006958
                0x0000000020000000                . = ALIGN (0x4)
                0x0000000020000000                _sdata = .
 *(.data)
 *(.data*)
 .data.boot     0x0000000020000000        0x1 ./Core/Src/main.o
                0x0000000020000000                boot
 *fill*         0x0000000020000001        0x3 
 .data.SystemCoreClock
                0x0000000020000004        0x4 ./Core/Src/system_stm32f4xx.o
                0x0000000020000004                SystemCoreClock
 .data.uwTickPrio
                0x0000000020000008        0x4 ./Drivers/STM32F4xx_HAL_Driver/Src/stm32f4xx_hal.o
                0x0000000020000008                uwTickPrio
 .data.uwTickFreq
                0x000000002000000c        0x1 ./Drivers/STM32F4xx_HAL_Driver/Src/stm32f4xx_hal.o
                0x000000002000000c                uwTickFreq
 *fill*         0x000000002000000d        0x3 
 .data.USBD_HID
                0x0000000020000010       0x38 ./Middlewares/ST/STM32_USB_Device_Library/Class/HID/Src/usbd_hid.o
                0x0000000020000010                USBD_HID
 .data.USBD_HID_CfgDesc
                0x0000000020000048       0x22 ./Middlewares/ST/STM32_USB_Device_Library/Class/HID/Src/usbd_hid.o
 *fill*         0x000000002000006a        0x2 
 .data.USBD_HID_Desc
                0x000000002000006c        0x9 ./Middlewares/ST/STM32_USB_Device_Library/Class/HID/Src/usbd_hid.o
 *fill*         0x0000000020000075        0x3 
 .data.USBD_HID_DeviceQualifierDesc
                0x0000000020000078        0xa ./Middlewares/ST/STM32_USB_Device_Library/Class/HID/Src/usbd_hid.o
 *fill*         0x0000000020000082        0x2 
 .data.HID_MOUSE_ReportDesc
                0x0000000020000084       0x3f ./Middlewares/ST/STM32_USB_Device_Library/Class/HID/Src/usbd_hid.o
 .data.HIDInEpAdd
                0x00000000200000c3        0x1 ./Middlewares/ST/STM32_USB_Device_Library/Class/HID/Src/usbd_hid.o
 .data.FS_Desc  0x00000000200000c4       0x1c ./USB_DEVICE/App/usbd_desc.o
                0x00000000200000c4                FS_Desc
 .data.USBD_FS_DeviceDesc
                0x00000000200000e0       0x12 ./USB_DEVICE/App/usbd_desc.o
                0x00000000200000e0                USBD_FS_DeviceDesc
 *fill*         0x00000000200000f2        0x2 
 .data.USBD_LangIDDesc
                0x00000000200000f4        0x4 ./USB_DEVICE/App/usbd_desc.o
                0x00000000200000f4                USBD_LangIDDesc
 .data.USBD_StringSerial
                0x00000000200000f8       0x1a ./USB_DEVICE/App/usbd_desc.o
                0x00000000200000f8                USBD_StringSerial
 *(.RamFunc)
 *(.RamFunc*)
                0x0000000020000114                . = ALIGN (0x4)
 *fill*         0x0000000020000112        0x2 
                0x0000000020000114                _edata = .
                0x0000000008006a6c                _siccmram = LOADADDR (.ccmram)

.igot.plt       0x0000000020000114        0x0 load address 0x0000000008006a6c
 .igot.plt      0x0000000020000114        0x0 /home/cipo/.eclipse/com.st.stm32cube.ide.mcu.rcp.product_1.13.1_139062292_linux_gtk_x86_64/plugins/com.st.stm32cube.ide.mcu.externaltools.gnu-tools-for-stm32.11.3.rel1.linux64_1.1.1.202309131626/tools/bin/../lib/gcc/arm-none-eabi/11.3.1/thumb/v7e-m+fp/hard/crtbegin.o

.ccmram         0x0000000010000000        0x0 load address 0x0000000008006a6c
                0x0000000010000000                . = ALIGN (0x4)
                0x0000000010000000                _sccmram = .
 *(.ccmram)
 *(.ccmram*)
                0x0000000010000000                . = ALIGN (0x4)
                0x0000000010000000                _eccmram = .
                0x0000000010000000                . = ALIGN (0x4)

.bss            0x0000000020000114      0xa28
                0x0000000020000114                _sbss = .
                0x0000000020000114                __bss_start__ = _sbss
 *(.bss)
 .bss           0x0000000020000114       0x1c /home/cipo/.eclipse/com.st.stm32cube.ide.mcu.rcp.product_1.13.1_139062292_linux_gtk_x86_64/plugins/com.st.stm32cube.ide.mcu.externaltools.gnu-tools-for-stm32.11.3.rel1.linux64_1.1.1.202309131626/tools/bin/../lib/gcc/arm-none-eabi/11.3.1/thumb/v7e-m+fp/hard/crtbegin.o
 *(.bss*)
 .bss.keyboardhid
                0x0000000020000130        0x8 ./Core/Src/main.o
                0x0000000020000130                keyboardhid
 .bss.uwTick    0x0000000020000138        0x4 ./Drivers/STM32F4xx_HAL_Driver/Src/stm32f4xx_hal.o
                0x0000000020000138                uwTick
 .bss.cfgidx.0  0x000000002000013c        0x1 ./Middlewares/ST/STM32_USB_Device_Library/Core/Src/usbd_ctlreq.o
 *fill*         0x000000002000013d        0x3 
 .bss.hUsbDeviceFS
                0x0000000020000140      0x2dc ./USB_DEVICE/App/usb_device.o
                0x0000000020000140                hUsbDeviceFS
 .bss.USBD_StrDesc
                0x000000002000041c      0x200 ./USB_DEVICE/App/usbd_desc.o
                0x000000002000041c                USBD_StrDesc
 .bss.hpcd_USB_OTG_FS
                0x000000002000061c      0x50c ./USB_DEVICE/Target/usbd_conf.o
                0x000000002000061c                hpcd_USB_OTG_FS
 .bss.mem.0     0x0000000020000b28       0x14 ./USB_DEVICE/Target/usbd_conf.o
 *(COMMON)
                0x0000000020000b3c                . = ALIGN (0x4)
                0x0000000020000b3c                _ebss = .
                0x0000000020000b3c                __bss_end__ = _ebss

._user_heap_stack
                0x0000000020000b3c      0x604
                0x0000000020000b40                . = ALIGN (0x8)
 *fill*         0x0000000020000b3c        0x4 
                [!provide]                        PROVIDE (end = .)
                0x0000000020000b40                PROVIDE (_end = .)
                0x0000000020000d40                . = (. + _Min_Heap_Size)
 *fill*         0x0000000020000b40      0x200 
                0x0000000020001140                . = (. + _Min_Stack_Size)
 *fill*         0x0000000020000d40      0x400 
                0x0000000020001140                . = ALIGN (0x8)

/DISCARD/
 libc.a(*)
 libm.a(*)
 libgcc.a(*)

.ARM.attributes
                0x0000000000000000       0x30
 *(.ARM.attributes)
 .ARM.attributes
                0x0000000000000000       0x1e /home/cipo/.eclipse/com.st.stm32cube.ide.mcu.rcp.product_1.13.1_139062292_linux_gtk_x86_64/plugins/com.st.stm32cube.ide.mcu.externaltools.gnu-tools-for-stm32.11.3.rel1.linux64_1.1.1.202309131626/tools/bin/../lib/gcc/arm-none-eabi/11.3.1/thumb/v7e-m+fp/hard/crti.o
 .ARM.attributes
                0x000000000000001e       0x34 /home/cipo/.eclipse/com.st.stm32cube.ide.mcu.rcp.product_1.13.1_139062292_linux_gtk_x86_64/plugins/com.st.stm32cube.ide.mcu.externaltools.gnu-tools-for-stm32.11.3.rel1.linux64_1.1.1.202309131626/tools/bin/../lib/gcc/arm-none-eabi/11.3.1/thumb/v7e-m+fp/hard/crtbegin.o
 .ARM.attributes
                0x0000000000000052       0x34 ./Core/Src/main.o
 .ARM.attributes
                0x0000000000000086       0x34 ./Core/Src/stm32f4xx_hal_msp.o
 .ARM.attributes
                0x00000000000000ba       0x34 ./Core/Src/stm32f4xx_it.o
 .ARM.attributes
                0x00000000000000ee       0x34 ./Core/Src/system_stm32f4xx.o
 .ARM.attributes
                0x0000000000000122       0x21 ./Core/Startup/startup_stm32f407vgtx.o
 .ARM.attributes
                0x0000000000000143       0x34 ./Drivers/STM32F4xx_HAL_Driver/Src/stm32f4xx_hal.o
 .ARM.attributes
                0x0000000000000177       0x34 ./Drivers/STM32F4xx_HAL_Driver/Src/stm32f4xx_hal_cortex.o
 .ARM.attributes
                0x00000000000001ab       0x34 ./Drivers/STM32F4xx_HAL_Driver/Src/stm32f4xx_hal_gpio.o
 .ARM.attributes
                0x00000000000001df       0x34 ./Drivers/STM32F4xx_HAL_Driver/Src/stm32f4xx_hal_pcd.o
 .ARM.attributes
                0x0000000000000213       0x34 ./Drivers/STM32F4xx_HAL_Driver/Src/stm32f4xx_hal_pcd_ex.o
 .ARM.attributes
                0x0000000000000247       0x34 ./Drivers/STM32F4xx_HAL_Driver/Src/stm32f4xx_hal_rcc.o
 .ARM.attributes
                0x000000000000027b       0x34 ./Drivers/STM32F4xx_HAL_Driver/Src/stm32f4xx_ll_usb.o
 .ARM.attributes
                0x00000000000002af       0x34 ./Middlewares/ST/STM32_USB_Device_Library/Class/HID/Src/usbd_hid.o
 .ARM.attributes
                0x00000000000002e3       0x34 ./Middlewares/ST/STM32_USB_Device_Library/Core/Src/usbd_core.o
 .ARM.attributes
                0x0000000000000317       0x34 ./Middlewares/ST/STM32_USB_Device_Library/Core/Src/usbd_ctlreq.o
 .ARM.attributes
                0x000000000000034b       0x34 ./Middlewares/ST/STM32_USB_Device_Library/Core/Src/usbd_ioreq.o
 .ARM.attributes
                0x000000000000037f       0x34 ./USB_DEVICE/App/usb_device.o
 .ARM.attributes
                0x00000000000003b3       0x34 ./USB_DEVICE/App/usbd_desc.o
 .ARM.attributes
                0x00000000000003e7       0x34 ./USB_DEVICE/Target/usbd_conf.o
 .ARM.attributes
                0x000000000000041b       0x34 /home/cipo/.eclipse/com.st.stm32cube.ide.mcu.rcp.product_1.13.1_139062292_linux_gtk_x86_64/plugins/com.st.stm32cube.ide.mcu.externaltools.gnu-tools-for-stm32.11.3.rel1.linux64_1.1.1.202309131626/tools/bin/../lib/gcc/arm-none-eabi/11.3.1/../../../../arm-none-eabi/lib/thumb/v7e-m+fp/hard/libc_nano.a(libc_a-memset.o)
 .ARM.attributes
                0x000000000000044f       0x34 /home/cipo/.eclipse/com.st.stm32cube.ide.mcu.rcp.product_1.13.1_139062292_linux_gtk_x86_64/plugins/com.st.stm32cube.ide.mcu.externaltools.gnu-tools-for-stm32.11.3.rel1.linux64_1.1.1.202309131626/tools/bin/../lib/gcc/arm-none-eabi/11.3.1/../../../../arm-none-eabi/lib/thumb/v7e-m+fp/hard/libc_nano.a(libc_a-init.o)
 .ARM.attributes
                0x0000000000000483       0x1e /home/cipo/.eclipse/com.st.stm32cube.ide.mcu.rcp.product_1.13.1_139062292_linux_gtk_x86_64/plugins/com.st.stm32cube.ide.mcu.externaltools.gnu-tools-for-stm32.11.3.rel1.linux64_1.1.1.202309131626/tools/bin/../lib/gcc/arm-none-eabi/11.3.1/thumb/v7e-m+fp/hard/libgcc.a(_aeabi_uldivmod.o)
 .ARM.attributes
                0x00000000000004a1       0x34 /home/cipo/.eclipse/com.st.stm32cube.ide.mcu.rcp.product_1.13.1_139062292_linux_gtk_x86_64/plugins/com.st.stm32cube.ide.mcu.externaltools.gnu-tools-for-stm32.11.3.rel1.linux64_1.1.1.202309131626/tools/bin/../lib/gcc/arm-none-eabi/11.3.1/thumb/v7e-m+fp/hard/libgcc.a(_udivmoddi4.o)
 .ARM.attributes
                0x00000000000004d5       0x1e /home/cipo/.eclipse/com.st.stm32cube.ide.mcu.rcp.product_1.13.1_139062292_linux_gtk_x86_64/plugins/com.st.stm32cube.ide.mcu.externaltools.gnu-tools-for-stm32.11.3.rel1.linux64_1.1.1.202309131626/tools/bin/../lib/gcc/arm-none-eabi/11.3.1/thumb/v7e-m+fp/hard/libgcc.a(_dvmd_tls.o)
 .ARM.attributes
                0x00000000000004f3       0x1e /home/cipo/.eclipse/com.st.stm32cube.ide.mcu.rcp.product_1.13.1_139062292_linux_gtk_x86_64/plugins/com.st.stm32cube.ide.mcu.externaltools.gnu-tools-for-stm32.11.3.rel1.linux64_1.1.1.202309131626/tools/bin/../lib/gcc/arm-none-eabi/11.3.1/thumb/v7e-m+fp/hard/crtn.o
OUTPUT(WakeOnRemoteSTM32F4.elf elf32-littlearm)
LOAD linker stubs
LOAD /home/cipo/.eclipse/com.st.stm32cube.ide.mcu.rcp.product_1.13.1_139062292_linux_gtk_x86_64/plugins/com.st.stm32cube.ide.mcu.externaltools.gnu-tools-for-stm32.11.3.rel1.linux64_1.1.1.202309131626/tools/bin/../lib/gcc/arm-none-eabi/11.3.1/../../../../arm-none-eabi/lib/thumb/v7e-m+fp/hard/libc.a
LOAD /home/cipo/.eclipse/com.st.stm32cube.ide.mcu.rcp.product_1.13.1_139062292_linux_gtk_x86_64/plugins/com.st.stm32cube.ide.mcu.externaltools.gnu-tools-for-stm32.11.3.rel1.linux64_1.1.1.202309131626/tools/bin/../lib/gcc/arm-none-eabi/11.3.1/../../../../arm-none-eabi/lib/thumb/v7e-m+fp/hard/libm.a
LOAD /home/cipo/.eclipse/com.st.stm32cube.ide.mcu.rcp.product_1.13.1_139062292_linux_gtk_x86_64/plugins/com.st.stm32cube.ide.mcu.externaltools.gnu-tools-for-stm32.11.3.rel1.linux64_1.1.1.202309131626/tools/bin/../lib/gcc/arm-none-eabi/11.3.1/thumb/v7e-m+fp/hard/libgcc.a

.comment        0x0000000000000000       0x43
 .comment       0x0000000000000000       0x43 /home/cipo/.eclipse/com.st.stm32cube.ide.mcu.rcp.product_1.13.1_139062292_linux_gtk_x86_64/plugins/com.st.stm32cube.ide.mcu.externaltools.gnu-tools-for-stm32.11.3.rel1.linux64_1.1.1.202309131626/tools/bin/../lib/gcc/arm-none-eabi/11.3.1/thumb/v7e-m+fp/hard/crtbegin.o
                                         0x44 (size before relaxing)
 .comment       0x0000000000000043       0x44 ./Core/Src/main.o
 .comment       0x0000000000000043       0x44 ./Core/Src/stm32f4xx_hal_msp.o
 .comment       0x0000000000000043       0x44 ./Core/Src/stm32f4xx_it.o
 .comment       0x0000000000000043       0x44 ./Core/Src/system_stm32f4xx.o
 .comment       0x0000000000000043       0x44 ./Drivers/STM32F4xx_HAL_Driver/Src/stm32f4xx_hal.o
 .comment       0x0000000000000043       0x44 ./Drivers/STM32F4xx_HAL_Driver/Src/stm32f4xx_hal_cortex.o
 .comment       0x0000000000000043       0x44 ./Drivers/STM32F4xx_HAL_Driver/Src/stm32f4xx_hal_gpio.o
 .comment       0x0000000000000043       0x44 ./Drivers/STM32F4xx_HAL_Driver/Src/stm32f4xx_hal_pcd.o
 .comment       0x0000000000000043       0x44 ./Drivers/STM32F4xx_HAL_Driver/Src/stm32f4xx_hal_pcd_ex.o
 .comment       0x0000000000000043       0x44 ./Drivers/STM32F4xx_HAL_Driver/Src/stm32f4xx_hal_rcc.o
 .comment       0x0000000000000043       0x44 ./Drivers/STM32F4xx_HAL_Driver/Src/stm32f4xx_ll_usb.o
 .comment       0x0000000000000043       0x44 ./Middlewares/ST/STM32_USB_Device_Library/Class/HID/Src/usbd_hid.o
 .comment       0x0000000000000043       0x44 ./Middlewares/ST/STM32_USB_Device_Library/Core/Src/usbd_core.o
 .comment       0x0000000000000043       0x44 ./Middlewares/ST/STM32_USB_Device_Library/Core/Src/usbd_ctlreq.o
 .comment       0x0000000000000043       0x44 ./Middlewares/ST/STM32_USB_Device_Library/Core/Src/usbd_ioreq.o
 .comment       0x0000000000000043       0x44 ./USB_DEVICE/App/usb_device.o
 .comment       0x0000000000000043       0x44 ./USB_DEVICE/App/usbd_desc.o
 .comment       0x0000000000000043       0x44 ./USB_DEVICE/Target/usbd_conf.o

.debug_info     0x0000000000000000     0xc679
 .debug_info    0x0000000000000000      0xc87 ./Core/Src/main.o
 .debug_info    0x0000000000000c87      0x269 ./Core/Src/stm32f4xx_hal_msp.o
 .debug_info    0x0000000000000ef0      0x60f ./Core/Src/stm32f4xx_it.o
 .debug_info    0x00000000000014ff      0x512 ./Core/Src/system_stm32f4xx.o
 .debug_info    0x0000000000001a11       0x23 ./Core/Startup/startup_stm32f407vgtx.o
 .debug_info    0x0000000000001a34      0x948 ./Drivers/STM32F4xx_HAL_Driver/Src/stm32f4xx_hal.o
 .debug_info    0x000000000000237c      0xd46 ./Drivers/STM32F4xx_HAL_Driver/Src/stm32f4xx_hal_cortex.o
 .debug_info    0x00000000000030c2      0x6c3 ./Drivers/STM32F4xx_HAL_Driver/Src/stm32f4xx_hal_gpio.o
 .debug_info    0x0000000000003785     0x1541 ./Drivers/STM32F4xx_HAL_Driver/Src/stm32f4xx_hal_pcd.o
 .debug_info    0x0000000000004cc6      0x6d2 ./Drivers/STM32F4xx_HAL_Driver/Src/stm32f4xx_hal_pcd_ex.o
 .debug_info    0x0000000000005398      0x8b1 ./Drivers/STM32F4xx_HAL_Driver/Src/stm32f4xx_hal_rcc.o
 .debug_info    0x0000000000005c49     0x18f6 ./Drivers/STM32F4xx_HAL_Driver/Src/stm32f4xx_ll_usb.o
 .debug_info    0x000000000000753f      0xa84 ./Middlewares/ST/STM32_USB_Device_Library/Class/HID/Src/usbd_hid.o
 .debug_info    0x0000000000007fc3      0xe05 ./Middlewares/ST/STM32_USB_Device_Library/Core/Src/usbd_core.o
 .debug_info    0x0000000000008dc8      0xade ./Middlewares/ST/STM32_USB_Device_Library/Core/Src/usbd_ctlreq.o
 .debug_info    0x00000000000098a6      0x755 ./Middlewares/ST/STM32_USB_Device_Library/Core/Src/usbd_ioreq.o
 .debug_info    0x0000000000009ffb      0x5ef ./USB_DEVICE/App/usb_device.o
 .debug_info    0x000000000000a5ea      0x458 ./USB_DEVICE/App/usbd_desc.o
 .debug_info    0x000000000000aa42     0x1c37 ./USB_DEVICE/Target/usbd_conf.o

.debug_abbrev   0x0000000000000000     0x2731
 .debug_abbrev  0x0000000000000000      0x298 ./Core/Src/main.o
 .debug_abbrev  0x0000000000000298       0xd8 ./Core/Src/stm32f4xx_hal_msp.o
 .debug_abbrev  0x0000000000000370      0x1a4 ./Core/Src/stm32f4xx_it.o
 .debug_abbrev  0x0000000000000514      0x11a ./Core/Src/system_stm32f4xx.o
 .debug_abbrev  0x000000000000062e       0x12 ./Core/Startup/startup_stm32f407vgtx.o
 .debug_abbrev  0x0000000000000640      0x213 ./Drivers/STM32F4xx_HAL_Driver/Src/stm32f4xx_hal.o
 .debug_abbrev  0x0000000000000853      0x327 ./Drivers/STM32F4xx_HAL_Driver/Src/stm32f4xx_hal_cortex.o
 .debug_abbrev  0x0000000000000b7a      0x1d4 ./Drivers/STM32F4xx_HAL_Driver/Src/stm32f4xx_hal_gpio.o
 .debug_abbrev  0x0000000000000d4e      0x2d0 ./Drivers/STM32F4xx_HAL_Driver/Src/stm32f4xx_hal_pcd.o
 .debug_abbrev  0x000000000000101e      0x1da ./Drivers/STM32F4xx_HAL_Driver/Src/stm32f4xx_hal_pcd_ex.o
 .debug_abbrev  0x00000000000011f8      0x2b6 ./Drivers/STM32F4xx_HAL_Driver/Src/stm32f4xx_hal_rcc.o
 .debug_abbrev  0x00000000000014ae      0x2ac ./Drivers/STM32F4xx_HAL_Driver/Src/stm32f4xx_ll_usb.o
 .debug_abbrev  0x000000000000175a      0x2a2 ./Middlewares/ST/STM32_USB_Device_Library/Class/HID/Src/usbd_hid.o
 .debug_abbrev  0x00000000000019fc      0x27c ./Middlewares/ST/STM32_USB_Device_Library/Core/Src/usbd_core.o
 .debug_abbrev  0x0000000000001c78      0x26f ./Middlewares/ST/STM32_USB_Device_Library/Core/Src/usbd_ctlreq.o
 .debug_abbrev  0x0000000000001ee7      0x19a ./Middlewares/ST/STM32_USB_Device_Library/Core/Src/usbd_ioreq.o
 .debug_abbrev  0x0000000000002081      0x190 ./USB_DEVICE/App/usb_device.o
 .debug_abbrev  0x0000000000002211      0x1e1 ./USB_DEVICE/App/usbd_desc.o
 .debug_abbrev  0x00000000000023f2      0x33f ./USB_DEVICE/Target/usbd_conf.o

.debug_aranges  0x0000000000000000      0xac8
 .debug_aranges
                0x0000000000000000       0x38 ./Core/Src/main.o
 .debug_aranges
                0x0000000000000038       0x20 ./Core/Src/stm32f4xx_hal_msp.o
 .debug_aranges
                0x0000000000000058       0x68 ./Core/Src/stm32f4xx_it.o
 .debug_aranges
                0x00000000000000c0       0x28 ./Core/Src/system_stm32f4xx.o
 .debug_aranges
                0x00000000000000e8       0x28 ./Core/Startup/startup_stm32f407vgtx.o
 .debug_aranges
                0x0000000000000110       0xf0 ./Drivers/STM32F4xx_HAL_Driver/Src/stm32f4xx_hal.o
 .debug_aranges
                0x0000000000000200      0x118 ./Drivers/STM32F4xx_HAL_Driver/Src/stm32f4xx_hal_cortex.o
 .debug_aranges
                0x0000000000000318       0x58 ./Drivers/STM32F4xx_HAL_Driver/Src/stm32f4xx_hal_gpio.o
 .debug_aranges
                0x0000000000000370      0x148 ./Drivers/STM32F4xx_HAL_Driver/Src/stm32f4xx_hal_pcd.o
 .debug_aranges
                0x00000000000004b8       0x38 ./Drivers/STM32F4xx_HAL_Driver/Src/stm32f4xx_hal_pcd_ex.o
 .debug_aranges
                0x00000000000004f0       0x88 ./Drivers/STM32F4xx_HAL_Driver/Src/stm32f4xx_hal_rcc.o
 .debug_aranges
                0x0000000000000578      0x1a0 ./Drivers/STM32F4xx_HAL_Driver/Src/stm32f4xx_ll_usb.o
 .debug_aranges
                0x0000000000000718       0x68 ./Middlewares/ST/STM32_USB_Device_Library/Class/HID/Src/usbd_hid.o
 .debug_aranges
                0x0000000000000780       0xd8 ./Middlewares/ST/STM32_USB_Device_Library/Core/Src/usbd_core.o
 .debug_aranges
                0x0000000000000858       0x90 ./Middlewares/ST/STM32_USB_Device_Library/Core/Src/usbd_ctlreq.o
 .debug_aranges
                0x00000000000008e8       0x50 ./Middlewares/ST/STM32_USB_Device_Library/Core/Src/usbd_ioreq.o
 .debug_aranges
                0x0000000000000938       0x20 ./USB_DEVICE/App/usb_device.o
 .debug_aranges
                0x0000000000000958       0x60 ./USB_DEVICE/App/usbd_desc.o
 .debug_aranges
                0x00000000000009b8      0x110 ./USB_DEVICE/Target/usbd_conf.o

.debug_rnglists
                0x0000000000000000      0x7f4
 .debug_rnglists
                0x0000000000000000       0x28 ./Core/Src/main.o
 .debug_rnglists
                0x0000000000000028       0x13 ./Core/Src/stm32f4xx_hal_msp.o
 .debug_rnglists
                0x000000000000003b       0x49 ./Core/Src/stm32f4xx_it.o
 .debug_rnglists
                0x0000000000000084       0x1a ./Core/Src/system_stm32f4xx.o
 .debug_rnglists
                0x000000000000009e       0x19 ./Core/Startup/startup_stm32f407vgtx.o
 .debug_rnglists
                0x00000000000000b7       0xaf ./Drivers/STM32F4xx_HAL_Driver/Src/stm32f4xx_hal.o
 .debug_rnglists
                0x0000000000000166       0xce ./Drivers/STM32F4xx_HAL_Driver/Src/stm32f4xx_hal_cortex.o
 .debug_rnglists
                0x0000000000000234       0x3f ./Drivers/STM32F4xx_HAL_Driver/Src/stm32f4xx_hal_gpio.o
 .debug_rnglists
                0x0000000000000273       0xfc ./Drivers/STM32F4xx_HAL_Driver/Src/stm32f4xx_hal_pcd.o
 .debug_rnglists
                0x000000000000036f       0x26 ./Drivers/STM32F4xx_HAL_Driver/Src/stm32f4xx_hal_pcd_ex.o
 .debug_rnglists
                0x0000000000000395       0x66 ./Drivers/STM32F4xx_HAL_Driver/Src/stm32f4xx_hal_rcc.o
 .debug_rnglists
                0x00000000000003fb      0x148 ./Drivers/STM32F4xx_HAL_Driver/Src/stm32f4xx_ll_usb.o
 .debug_rnglists
                0x0000000000000543       0x4c ./Middlewares/ST/STM32_USB_Device_Library/Class/HID/Src/usbd_hid.o
 .debug_rnglists
                0x000000000000058f       0xa1 ./Middlewares/ST/STM32_USB_Device_Library/Core/Src/usbd_core.o
 .debug_rnglists
                0x0000000000000630       0x6e ./Middlewares/ST/STM32_USB_Device_Library/Core/Src/usbd_ctlreq.o
 .debug_rnglists
                0x000000000000069e       0x37 ./Middlewares/ST/STM32_USB_Device_Library/Core/Src/usbd_ioreq.o
 .debug_rnglists
                0x00000000000006d5       0x13 ./USB_DEVICE/App/usb_device.o
 .debug_rnglists
                0x00000000000006e8       0x43 ./USB_DEVICE/App/usbd_desc.o
 .debug_rnglists
                0x000000000000072b       0xc9 ./USB_DEVICE/Target/usbd_conf.o

.debug_macro    0x0000000000000000    0x2221e
 .debug_macro   0x0000000000000000      0x382 ./Core/Src/main.o
 .debug_macro   0x0000000000000382      0xaa8 ./Core/Src/main.o
 .debug_macro   0x0000000000000e2a      0x295 ./Core/Src/main.o
 .debug_macro   0x00000000000010bf       0x2e ./Core/Src/main.o
 .debug_macro   0x00000000000010ed       0x2f ./Core/Src/main.o
 .debug_macro   0x000000000000111c       0x22 ./Core/Src/main.o
 .debug_macro   0x000000000000113e       0x8e ./Core/Src/main.o
 .debug_macro   0x00000000000011cc       0x51 ./Core/Src/main.o
 .debug_macro   0x000000000000121d      0x103 ./Core/Src/main.o
 .debug_macro   0x0000000000001320       0x6a ./Core/Src/main.o
 .debug_macro   0x000000000000138a      0x1df ./Core/Src/main.o
 .debug_macro   0x0000000000001569       0x1c ./Core/Src/main.o
 .debug_macro   0x0000000000001585       0x22 ./Core/Src/main.o
 .debug_macro   0x00000000000015a7       0xd9 ./Core/Src/main.o
 .debug_macro   0x0000000000001680     0x102d ./Core/Src/main.o
 .debug_macro   0x00000000000026ad      0x11f ./Core/Src/main.o
 .debug_macro   0x00000000000027cc    0x15e82 ./Core/Src/main.o
 .debug_macro   0x000000000001864e       0x6d ./Core/Src/main.o
 .debug_macro   0x00000000000186bb     0x367e ./Core/Src/main.o
 .debug_macro   0x000000000001bd39      0x174 ./Core/Src/main.o
 .debug_macro   0x000000000001bead       0x5c ./Core/Src/main.o
 .debug_macro   0x000000000001bf09      0x96b ./Core/Src/main.o
 .debug_macro   0x000000000001c874      0x9fe ./Core/Src/main.o
 .debug_macro   0x000000000001d272      0x115 ./Core/Src/main.o
 .debug_macro   0x000000000001d387      0x13e ./Core/Src/main.o
 .debug_macro   0x000000000001d4c5       0xa5 ./Core/Src/main.o
 .debug_macro   0x000000000001d56a      0x174 ./Core/Src/main.o
 .debug_macro   0x000000000001d6de      0x287 ./Core/Src/main.o
 .debug_macro   0x000000000001d965       0x5f ./Core/Src/main.o
 .debug_macro   0x000000000001d9c4      0x236 ./Core/Src/main.o
 .debug_macro   0x000000000001dbfa      0x12c ./Core/Src/main.o
 .debug_macro   0x000000000001dd26      0x21e ./Core/Src/main.o
 .debug_macro   0x000000000001df44       0x2e ./Core/Src/main.o
 .debug_macro   0x000000000001df72      0x11a ./Core/Src/main.o
 .debug_macro   0x000000000001e08c       0x7e ./Core/Src/main.o
 .debug_macro   0x000000000001e10a       0x89 ./Core/Src/main.o
 .debug_macro   0x000000000001e193      0x248 ./Core/Src/main.o
 .debug_macro   0x000000000001e3db       0xba ./Core/Src/main.o
 .debug_macro   0x000000000001e495      0x12d ./Core/Src/main.o
 .debug_macro   0x000000000001e5c2       0x1c ./Core/Src/main.o
 .debug_macro   0x000000000001e5de       0x61 ./Core/Src/main.o
 .debug_macro   0x000000000001e63f       0x2a ./Core/Src/main.o
 .debug_macro   0x000000000001e669       0x43 ./Core/Src/main.o
 .debug_macro   0x000000000001e6ac       0x34 ./Core/Src/main.o
 .debug_macro   0x000000000001e6e0       0x16 ./Core/Src/main.o
 .debug_macro   0x000000000001e6f6       0x35 ./Core/Src/main.o
 .debug_macro   0x000000000001e72b      0x369 ./Core/Src/main.o
 .debug_macro   0x000000000001ea94       0x10 ./Core/Src/main.o
 .debug_macro   0x000000000001eaa4       0x16 ./Core/Src/main.o
 .debug_macro   0x000000000001eaba       0x43 ./Core/Src/main.o
 .debug_macro   0x000000000001eafd       0x34 ./Core/Src/main.o
 .debug_macro   0x000000000001eb31       0x10 ./Core/Src/main.o
 .debug_macro   0x000000000001eb41       0x58 ./Core/Src/main.o
 .debug_macro   0x000000000001eb99       0x8e ./Core/Src/main.o
 .debug_macro   0x000000000001ec27       0x1c ./Core/Src/main.o
 .debug_macro   0x000000000001ec43      0x177 ./Core/Src/main.o
 .debug_macro   0x000000000001edba       0x16 ./Core/Src/main.o
 .debug_macro   0x000000000001edd0       0x16 ./Core/Src/main.o
 .debug_macro   0x000000000001ede6      0x147 ./Core/Src/main.o
 .debug_macro   0x000000000001ef2d       0x16 ./Core/Src/main.o
 .debug_macro   0x000000000001ef43       0x16 ./Core/Src/main.o
 .debug_macro   0x000000000001ef59       0x29 ./Core/Src/main.o
 .debug_macro   0x000000000001ef82       0x16 ./Core/Src/main.o
 .debug_macro   0x000000000001ef98       0x20 ./Core/Src/main.o
 .debug_macro   0x000000000001efb8       0x6b ./Core/Src/main.o
 .debug_macro   0x000000000001f023      0x20f ./Core/Src/main.o
 .debug_macro   0x000000000001f232       0x5f ./Core/Src/main.o
 .debug_macro   0x000000000001f291      0x1e3 ./Core/Src/stm32f4xx_hal_msp.o
 .debug_macro   0x000000000001f474      0x1ed ./Core/Src/stm32f4xx_it.o
 .debug_macro   0x000000000001f661      0x1d4 ./Core/Src/system_stm32f4xx.o
 .debug_macro   0x000000000001f835      0x234 ./Drivers/STM32F4xx_HAL_Driver/Src/stm32f4xx_hal.o
 .debug_macro   0x000000000001fa69      0x1d4 ./Drivers/STM32F4xx_HAL_Driver/Src/stm32f4xx_hal_cortex.o
 .debug_macro   0x000000000001fc3d      0x1da ./Drivers/STM32F4xx_HAL_Driver/Src/stm32f4xx_hal_gpio.o
 .debug_macro   0x000000000001fe17      0x1e0 ./Drivers/STM32F4xx_HAL_Driver/Src/stm32f4xx_hal_pcd.o
 .debug_macro   0x000000000001fff7      0x1d4 ./Drivers/STM32F4xx_HAL_Driver/Src/stm32f4xx_hal_pcd_ex.o
 .debug_macro   0x00000000000201cb      0x1f8 ./Drivers/STM32F4xx_HAL_Driver/Src/stm32f4xx_hal_rcc.o
 .debug_macro   0x00000000000203c3      0x1d4 ./Drivers/STM32F4xx_HAL_Driver/Src/stm32f4xx_ll_usb.o
 .debug_macro   0x0000000000020597      0x372 ./Middlewares/ST/STM32_USB_Device_Library/Class/HID/Src/usbd_hid.o
 .debug_macro   0x0000000000020909       0x97 ./Middlewares/ST/STM32_USB_Device_Library/Class/HID/Src/usbd_hid.o
 .debug_macro   0x00000000000209a0       0xfd ./Middlewares/ST/STM32_USB_Device_Library/Class/HID/Src/usbd_hid.o
 .debug_macro   0x0000000000020a9d       0x56 ./Middlewares/ST/STM32_USB_Device_Library/Class/HID/Src/usbd_hid.o
 .debug_macro   0x0000000000020af3      0x359 ./Middlewares/ST/STM32_USB_Device_Library/Core/Src/usbd_core.o
 .debug_macro   0x0000000000020e4c      0x215 ./Middlewares/ST/STM32_USB_Device_Library/Core/Src/usbd_core.o
 .debug_macro   0x0000000000021061      0x363 ./Middlewares/ST/STM32_USB_Device_Library/Core/Src/usbd_ctlreq.o
 .debug_macro   0x00000000000213c4      0x35f ./Middlewares/ST/STM32_USB_Device_Library/Core/Src/usbd_ioreq.o
 .debug_macro   0x0000000000021723      0x389 ./USB_DEVICE/App/usb_device.o
 .debug_macro   0x0000000000021aac       0x22 ./USB_DEVICE/App/usb_device.o
 .debug_macro   0x0000000000021ace       0x22 ./USB_DEVICE/App/usb_device.o
 .debug_macro   0x0000000000021af0      0x39c ./USB_DEVICE/App/usbd_desc.o
 .debug_macro   0x0000000000021e8c       0x1c ./USB_DEVICE/App/usbd_desc.o
 .debug_macro   0x0000000000021ea8      0x376 ./USB_DEVICE/Target/usbd_conf.o

.debug_line     0x0000000000000000     0xeabc
 .debug_line    0x0000000000000000      0xb48 ./Core/Src/main.o
 .debug_line    0x0000000000000b48      0x786 ./Core/Src/stm32f4xx_hal_msp.o
 .debug_line    0x00000000000012ce      0x860 ./Core/Src/stm32f4xx_it.o
 .debug_line    0x0000000000001b2e      0x807 ./Core/Src/system_stm32f4xx.o
 .debug_line    0x0000000000002335       0x7a ./Core/Startup/startup_stm32f407vgtx.o
 .debug_line    0x00000000000023af      0xa6d ./Drivers/STM32F4xx_HAL_Driver/Src/stm32f4xx_hal.o
 .debug_line    0x0000000000002e1c      0xd1c ./Drivers/STM32F4xx_HAL_Driver/Src/stm32f4xx_hal_cortex.o
 .debug_line    0x0000000000003b38      0xbe1 ./Drivers/STM32F4xx_HAL_Driver/Src/stm32f4xx_hal_gpio.o
 .debug_line    0x0000000000004719     0x1514 ./Drivers/STM32F4xx_HAL_Driver/Src/stm32f4xx_hal_pcd.o
 .debug_line    0x0000000000005c2d      0x850 ./Drivers/STM32F4xx_HAL_Driver/Src/stm32f4xx_hal_pcd_ex.o
 .debug_line    0x000000000000647d      0xde6 ./Drivers/STM32F4xx_HAL_Driver/Src/stm32f4xx_hal_rcc.o
 .debug_line    0x0000000000007263     0x1b2e ./Drivers/STM32F4xx_HAL_Driver/Src/stm32f4xx_ll_usb.o
 .debug_line    0x0000000000008d91      0xce3 ./Middlewares/ST/STM32_USB_Device_Library/Class/HID/Src/usbd_hid.o
 .debug_line    0x0000000000009a74      0xfb3 ./Middlewares/ST/STM32_USB_Device_Library/Core/Src/usbd_core.o
 .debug_line    0x000000000000aa27     0x119d ./Middlewares/ST/STM32_USB_Device_Library/Core/Src/usbd_ctlreq.o
 .debug_line    0x000000000000bbc4      0xacc ./Middlewares/ST/STM32_USB_Device_Library/Core/Src/usbd_ioreq.o
 .debug_line    0x000000000000c690      0xa6d ./USB_DEVICE/App/usb_device.o
 .debug_line    0x000000000000d0fd      0xb51 ./USB_DEVICE/App/usbd_desc.o
 .debug_line    0x000000000000dc4e      0xe6e ./USB_DEVICE/Target/usbd_conf.o

.debug_str      0x0000000000000000    0xc361a
 .debug_str     0x0000000000000000    0xc05d6 ./Core/Src/main.o
                                      0xc0946 (size before relaxing)
 .debug_str     0x00000000000c05d6       0x2c ./Core/Src/stm32f4xx_hal_msp.o
                                      0xbbda0 (size before relaxing)
 .debug_str     0x00000000000c0602      0x46e ./Core/Src/stm32f4xx_it.o
                                      0xbc13c (size before relaxing)
 .debug_str     0x00000000000c0a70       0xdb ./Core/Src/system_stm32f4xx.o
                                      0xbbdf1 (size before relaxing)
 .debug_str     0x00000000000c0b4b       0x34 ./Core/Startup/startup_stm32f407vgtx.o
                                         0x77 (size before relaxing)
 .debug_str     0x00000000000c0b7f      0xafd ./Drivers/STM32F4xx_HAL_Driver/Src/stm32f4xx_hal.o
                                      0xbc975 (size before relaxing)
 .debug_str     0x00000000000c167c      0x359 ./Drivers/STM32F4xx_HAL_Driver/Src/stm32f4xx_hal_cortex.o
                                      0xbc6a8 (size before relaxing)
 .debug_str     0x00000000000c19d5      0x11e ./Drivers/STM32F4xx_HAL_Driver/Src/stm32f4xx_hal_gpio.o
                                      0xbbf6c (size before relaxing)
 .debug_str     0x00000000000c1af3      0x832 ./Drivers/STM32F4xx_HAL_Driver/Src/stm32f4xx_hal_pcd.o
                                      0xbc8b3 (size before relaxing)
 .debug_str     0x00000000000c2325      0x115 ./Drivers/STM32F4xx_HAL_Driver/Src/stm32f4xx_hal_pcd_ex.o
                                      0xbc1a2 (size before relaxing)
 .debug_str     0x00000000000c243a      0x21f ./Drivers/STM32F4xx_HAL_Driver/Src/stm32f4xx_hal_rcc.o
                                      0xbc225 (size before relaxing)
 .debug_str     0x00000000000c2659      0x441 ./Drivers/STM32F4xx_HAL_Driver/Src/stm32f4xx_ll_usb.o
                                      0xbc71b (size before relaxing)
 .debug_str     0x00000000000c2a9a      0x2ec ./Middlewares/ST/STM32_USB_Device_Library/Class/HID/Src/usbd_hid.o
                                      0xc082e (size before relaxing)
 .debug_str     0x00000000000c2d86      0x366 ./Middlewares/ST/STM32_USB_Device_Library/Core/Src/usbd_core.o
                                      0xc07c6 (size before relaxing)
 .debug_str     0x00000000000c30ec      0x139 ./Middlewares/ST/STM32_USB_Device_Library/Core/Src/usbd_ctlreq.o
                                      0xc05f1 (size before relaxing)
 .debug_str     0x00000000000c3225       0x79 ./Middlewares/ST/STM32_USB_Device_Library/Core/Src/usbd_ioreq.o
                                      0xc04c6 (size before relaxing)
 .debug_str     0x00000000000c329e       0xa2 ./USB_DEVICE/App/usb_device.o
                                      0xc063b (size before relaxing)
 .debug_str     0x00000000000c3340      0x267 ./USB_DEVICE/App/usbd_desc.o
                                      0xc03bf (size before relaxing)
 .debug_str     0x00000000000c35a7       0x73 ./USB_DEVICE/Target/usbd_conf.o
                                      0xc1520 (size before relaxing)

.debug_frame    0x0000000000000000     0x2ac4
 .debug_frame   0x0000000000000000       0x8c ./Core/Src/main.o
 .debug_frame   0x000000000000008c       0x38 ./Core/Src/stm32f4xx_hal_msp.o
 .debug_frame   0x00000000000000c4      0x120 ./Core/Src/stm32f4xx_it.o
 .debug_frame   0x00000000000001e4       0x58 ./Core/Src/system_stm32f4xx.o
 .debug_frame   0x000000000000023c      0x374 ./Drivers/STM32F4xx_HAL_Driver/Src/stm32f4xx_hal.o
 .debug_frame   0x00000000000005b0      0x498 ./Drivers/STM32F4xx_HAL_Driver/Src/stm32f4xx_hal_cortex.o
 .debug_frame   0x0000000000000a48      0x14c ./Drivers/STM32F4xx_HAL_Driver/Src/stm32f4xx_hal_gpio.o
 .debug_frame   0x0000000000000b94      0x5bc ./Drivers/STM32F4xx_HAL_Driver/Src/stm32f4xx_hal_pcd.o
 .debug_frame   0x0000000000001150       0xb0 ./Drivers/STM32F4xx_HAL_Driver/Src/stm32f4xx_hal_pcd_ex.o
 .debug_frame   0x0000000000001200      0x1f4 ./Drivers/STM32F4xx_HAL_Driver/Src/stm32f4xx_hal_rcc.o
 .debug_frame   0x00000000000013f4      0x7c0 ./Drivers/STM32F4xx_HAL_Driver/Src/stm32f4xx_ll_usb.o
 .debug_frame   0x0000000000001bb4      0x184 ./Middlewares/ST/STM32_USB_Device_Library/Class/HID/Src/usbd_hid.o
 .debug_frame   0x0000000000001d38      0x390 ./Middlewares/ST/STM32_USB_Device_Library/Core/Src/usbd_core.o
 .debug_frame   0x00000000000020c8      0x23c ./Middlewares/ST/STM32_USB_Device_Library/Core/Src/usbd_ctlreq.o
 .debug_frame   0x0000000000002304      0x10c ./Middlewares/ST/STM32_USB_Device_Library/Core/Src/usbd_ioreq.o
 .debug_frame   0x0000000000002410       0x2c ./USB_DEVICE/App/usb_device.o
 .debug_frame   0x000000000000243c      0x160 ./USB_DEVICE/App/usbd_desc.o
 .debug_frame   0x000000000000259c      0x47c ./USB_DEVICE/Target/usbd_conf.o
 .debug_frame   0x0000000000002a18       0x20 /home/cipo/.eclipse/com.st.stm32cube.ide.mcu.rcp.product_1.13.1_139062292_linux_gtk_x86_64/plugins/com.st.stm32cube.ide.mcu.externaltools.gnu-tools-for-stm32.11.3.rel1.linux64_1.1.1.202309131626/tools/bin/../lib/gcc/arm-none-eabi/11.3.1/../../../../arm-none-eabi/lib/thumb/v7e-m+fp/hard/libc_nano.a(libc_a-memset.o)
 .debug_frame   0x0000000000002a38       0x2c /home/cipo/.eclipse/com.st.stm32cube.ide.mcu.rcp.product_1.13.1_139062292_linux_gtk_x86_64/plugins/com.st.stm32cube.ide.mcu.externaltools.gnu-tools-for-stm32.11.3.rel1.linux64_1.1.1.202309131626/tools/bin/../lib/gcc/arm-none-eabi/11.3.1/../../../../arm-none-eabi/lib/thumb/v7e-m+fp/hard/libc_nano.a(libc_a-init.o)
 .debug_frame   0x0000000000002a64       0x2c /home/cipo/.eclipse/com.st.stm32cube.ide.mcu.rcp.product_1.13.1_139062292_linux_gtk_x86_64/plugins/com.st.stm32cube.ide.mcu.externaltools.gnu-tools-for-stm32.11.3.rel1.linux64_1.1.1.202309131626/tools/bin/../lib/gcc/arm-none-eabi/11.3.1/thumb/v7e-m+fp/hard/libgcc.a(_aeabi_uldivmod.o)
 .debug_frame   0x0000000000002a90       0x34 /home/cipo/.eclipse/com.st.stm32cube.ide.mcu.rcp.product_1.13.1_139062292_linux_gtk_x86_64/plugins/com.st.stm32cube.ide.mcu.externaltools.gnu-tools-for-stm32.11.3.rel1.linux64_1.1.1.202309131626/tools/bin/../lib/gcc/arm-none-eabi/11.3.1/thumb/v7e-m+fp/hard/libgcc.a(_udivmoddi4.o)

.debug_line_str
                0x0000000000000000       0x6b
 .debug_line_str
                0x0000000000000000       0x6b ./Core/Startup/startup_stm32f407vgtx.o
                                         0x83 (size before relaxing)
